Archive member included to satisfy reference by file (symbol)

/opt/Atollic_TrueSTUDIO_for_STM32_x86_64_9.0.1/ARMTools/bin/../lib/gcc/arm-atollic-eabi/6.3.1/../../../../arm-atollic-eabi/lib/armv6-m/libc_nano.a(lib_a-init.o)
                              Application/TrueSTUDIO/startup_stm32l053xx.o (__libc_init_array)
/opt/Atollic_TrueSTUDIO_for_STM32_x86_64_9.0.1/ARMTools/bin/../lib/gcc/arm-atollic-eabi/6.3.1/../../../../arm-atollic-eabi/lib/armv6-m/libc_nano.a(lib_a-memset.o)
                              Drivers/STM32L0xx_HAL_Driver/stm32l0xx_hal_rcc.o (memset)
/opt/Atollic_TrueSTUDIO_for_STM32_x86_64_9.0.1/ARMTools/bin/../lib/gcc/arm-atollic-eabi/6.3.1/armv6-m/libgcc.a(_thumb1_case_uqi.o)
                              Drivers/CMSIS/system_stm32l0xx.o (__gnu_thumb1_case_uqi)
/opt/Atollic_TrueSTUDIO_for_STM32_x86_64_9.0.1/ARMTools/bin/../lib/gcc/arm-atollic-eabi/6.3.1/armv6-m/libgcc.a(_udivsi3.o)
                              Application/User/main.o (__aeabi_uidiv)
/opt/Atollic_TrueSTUDIO_for_STM32_x86_64_9.0.1/ARMTools/bin/../lib/gcc/arm-atollic-eabi/6.3.1/armv6-m/libgcc.a(_dvmd_tls.o)
                              /opt/Atollic_TrueSTUDIO_for_STM32_x86_64_9.0.1/ARMTools/bin/../lib/gcc/arm-atollic-eabi/6.3.1/armv6-m/libgcc.a(_udivsi3.o) (__aeabi_idiv0)

Allocating common symbols
Common symbol       size              file

uwTick              0x4               Drivers/STM32L0xx_HAL_Driver/stm32l0xx_hal.o
pFlash              0x18              Drivers/STM32L0xx_HAL_Driver/stm32l0xx_hal_flash.o

Discarded input sections

 .text          0x0000000000000000        0x0 /opt/Atollic_TrueSTUDIO_for_STM32_x86_64_9.0.1/ARMTools/bin/../lib/gcc/arm-atollic-eabi/6.3.1/armv6-m/crti.o
 .data          0x0000000000000000        0x0 /opt/Atollic_TrueSTUDIO_for_STM32_x86_64_9.0.1/ARMTools/bin/../lib/gcc/arm-atollic-eabi/6.3.1/armv6-m/crti.o
 .bss           0x0000000000000000        0x0 /opt/Atollic_TrueSTUDIO_for_STM32_x86_64_9.0.1/ARMTools/bin/../lib/gcc/arm-atollic-eabi/6.3.1/armv6-m/crti.o
 .data          0x0000000000000000        0x4 /opt/Atollic_TrueSTUDIO_for_STM32_x86_64_9.0.1/ARMTools/bin/../lib/gcc/arm-atollic-eabi/6.3.1/armv6-m/crtbegin.o
 .text          0x0000000000000000       0x14 Application/TrueSTUDIO/startup_stm32l053xx.o
 .data          0x0000000000000000        0x0 Application/TrueSTUDIO/startup_stm32l053xx.o
 .bss           0x0000000000000000        0x0 Application/TrueSTUDIO/startup_stm32l053xx.o
 .text          0x0000000000000000        0x0 Application/User/main.o
 .data          0x0000000000000000        0x0 Application/User/main.o
 .bss           0x0000000000000000        0x0 Application/User/main.o
 .text._Error_Handler
                0x0000000000000000        0x2 Application/User/main.o
 .text          0x0000000000000000        0x0 Application/User/stm32l0xx_hal_msp.o
 .data          0x0000000000000000        0x0 Application/User/stm32l0xx_hal_msp.o
 .bss           0x0000000000000000        0x0 Application/User/stm32l0xx_hal_msp.o
 .text          0x0000000000000000        0x0 Application/User/stm32l0xx_it.o
 .data          0x0000000000000000        0x0 Application/User/stm32l0xx_it.o
 .bss           0x0000000000000000        0x0 Application/User/stm32l0xx_it.o
 .text          0x0000000000000000        0x0 Drivers/CMSIS/system_stm32l0xx.o
 .data          0x0000000000000000        0x0 Drivers/CMSIS/system_stm32l0xx.o
 .bss           0x0000000000000000        0x0 Drivers/CMSIS/system_stm32l0xx.o
 .text.SystemCoreClockUpdate
                0x0000000000000000       0x8c Drivers/CMSIS/system_stm32l0xx.o
 .rodata.APBPrescTable
                0x0000000000000000        0x8 Drivers/CMSIS/system_stm32l0xx.o
 .text          0x0000000000000000        0x0 Drivers/STM32L0xx_HAL_Driver/stm32l0xx_hal.o
 .data          0x0000000000000000        0x0 Drivers/STM32L0xx_HAL_Driver/stm32l0xx_hal.o
 .bss           0x0000000000000000        0x0 Drivers/STM32L0xx_HAL_Driver/stm32l0xx_hal.o
 .text.HAL_MspInit
                0x0000000000000000        0x2 Drivers/STM32L0xx_HAL_Driver/stm32l0xx_hal.o
 .text.HAL_MspDeInit
                0x0000000000000000        0x2 Drivers/STM32L0xx_HAL_Driver/stm32l0xx_hal.o
 .text.HAL_DeInit
                0x0000000000000000       0x28 Drivers/STM32L0xx_HAL_Driver/stm32l0xx_hal.o
 .text.HAL_SuspendTick
                0x0000000000000000       0x10 Drivers/STM32L0xx_HAL_Driver/stm32l0xx_hal.o
 .text.HAL_ResumeTick
                0x0000000000000000       0x10 Drivers/STM32L0xx_HAL_Driver/stm32l0xx_hal.o
 .text.HAL_GetHalVersion
                0x0000000000000000        0x8 Drivers/STM32L0xx_HAL_Driver/stm32l0xx_hal.o
 .text.HAL_GetREVID
                0x0000000000000000        0xc Drivers/STM32L0xx_HAL_Driver/stm32l0xx_hal.o
 .text.HAL_GetDEVID
                0x0000000000000000       0x10 Drivers/STM32L0xx_HAL_Driver/stm32l0xx_hal.o
 .text.HAL_DBGMCU_EnableDBGSleepMode
                0x0000000000000000       0x10 Drivers/STM32L0xx_HAL_Driver/stm32l0xx_hal.o
 .text.HAL_DBGMCU_DisableDBGSleepMode
                0x0000000000000000       0x10 Drivers/STM32L0xx_HAL_Driver/stm32l0xx_hal.o
 .text.HAL_DBGMCU_EnableDBGStopMode
                0x0000000000000000       0x10 Drivers/STM32L0xx_HAL_Driver/stm32l0xx_hal.o
 .text.HAL_DBGMCU_DisableDBGStopMode
                0x0000000000000000       0x10 Drivers/STM32L0xx_HAL_Driver/stm32l0xx_hal.o
 .text.HAL_DBGMCU_EnableDBGStandbyMode
                0x0000000000000000       0x10 Drivers/STM32L0xx_HAL_Driver/stm32l0xx_hal.o
 .text.HAL_DBGMCU_DisableDBGStandbyMode
                0x0000000000000000       0x10 Drivers/STM32L0xx_HAL_Driver/stm32l0xx_hal.o
 .text.HAL_DBGMCU_DBG_EnableLowPowerConfig
                0x0000000000000000       0x10 Drivers/STM32L0xx_HAL_Driver/stm32l0xx_hal.o
 .text.HAL_DBGMCU_DBG_DisableLowPowerConfig
                0x0000000000000000       0x10 Drivers/STM32L0xx_HAL_Driver/stm32l0xx_hal.o
 .text.HAL_SYSCFG_GetBootMode
                0x0000000000000000       0x10 Drivers/STM32L0xx_HAL_Driver/stm32l0xx_hal.o
 .text.HAL_SYSCFG_VREFINT_OutputSelect
                0x0000000000000000       0x18 Drivers/STM32L0xx_HAL_Driver/stm32l0xx_hal.o
 .text.HAL_SYSCFG_Enable_Lock_VREFINT
                0x0000000000000000       0x14 Drivers/STM32L0xx_HAL_Driver/stm32l0xx_hal.o
 .text.HAL_SYSCFG_Disable_Lock_VREFINT
                0x0000000000000000       0x10 Drivers/STM32L0xx_HAL_Driver/stm32l0xx_hal.o
 .text          0x0000000000000000        0x0 Drivers/STM32L0xx_HAL_Driver/stm32l0xx_hal_cortex.o
 .data          0x0000000000000000        0x0 Drivers/STM32L0xx_HAL_Driver/stm32l0xx_hal_cortex.o
 .bss           0x0000000000000000        0x0 Drivers/STM32L0xx_HAL_Driver/stm32l0xx_hal_cortex.o
 .text.HAL_NVIC_EnableIRQ
                0x0000000000000000       0x14 Drivers/STM32L0xx_HAL_Driver/stm32l0xx_hal_cortex.o
 .text.HAL_NVIC_DisableIRQ
                0x0000000000000000       0x14 Drivers/STM32L0xx_HAL_Driver/stm32l0xx_hal_cortex.o
 .text.HAL_NVIC_SystemReset
                0x0000000000000000       0x1c Drivers/STM32L0xx_HAL_Driver/stm32l0xx_hal_cortex.o
 .text.HAL_NVIC_GetPriority
                0x0000000000000000       0x44 Drivers/STM32L0xx_HAL_Driver/stm32l0xx_hal_cortex.o
 .text.HAL_NVIC_SetPendingIRQ
                0x0000000000000000       0x14 Drivers/STM32L0xx_HAL_Driver/stm32l0xx_hal_cortex.o
 .text.HAL_NVIC_GetPendingIRQ
                0x0000000000000000       0x18 Drivers/STM32L0xx_HAL_Driver/stm32l0xx_hal_cortex.o
 .text.HAL_NVIC_ClearPendingIRQ
                0x0000000000000000       0x18 Drivers/STM32L0xx_HAL_Driver/stm32l0xx_hal_cortex.o
 .text.HAL_MPU_ConfigRegion
                0x0000000000000000       0x50 Drivers/STM32L0xx_HAL_Driver/stm32l0xx_hal_cortex.o
 .text          0x0000000000000000        0x0 Drivers/STM32L0xx_HAL_Driver/stm32l0xx_hal_dma.o
 .data          0x0000000000000000        0x0 Drivers/STM32L0xx_HAL_Driver/stm32l0xx_hal_dma.o
 .bss           0x0000000000000000        0x0 Drivers/STM32L0xx_HAL_Driver/stm32l0xx_hal_dma.o
 .text.HAL_DMA_Init
                0x0000000000000000      0x12c Drivers/STM32L0xx_HAL_Driver/stm32l0xx_hal_dma.o
 .text.HAL_DMA_DeInit
                0x0000000000000000      0x1e0 Drivers/STM32L0xx_HAL_Driver/stm32l0xx_hal_dma.o
 .text.HAL_DMA_Start
                0x0000000000000000       0x3c Drivers/STM32L0xx_HAL_Driver/stm32l0xx_hal_dma.o
 .text.HAL_DMA_Start_IT
                0x0000000000000000       0x56 Drivers/STM32L0xx_HAL_Driver/stm32l0xx_hal_dma.o
 .text.HAL_DMA_Abort
                0x0000000000000000       0x4a Drivers/STM32L0xx_HAL_Driver/stm32l0xx_hal_dma.o
 .text.HAL_DMA_Abort_IT
                0x0000000000000000       0xa0 Drivers/STM32L0xx_HAL_Driver/stm32l0xx_hal_dma.o
 .text.HAL_DMA_PollForTransfer
                0x0000000000000000      0x200 Drivers/STM32L0xx_HAL_Driver/stm32l0xx_hal_dma.o
 .text.HAL_DMA_IRQHandler
                0x0000000000000000      0x190 Drivers/STM32L0xx_HAL_Driver/stm32l0xx_hal_dma.o
 .text.HAL_DMA_GetState
                0x0000000000000000        0x8 Drivers/STM32L0xx_HAL_Driver/stm32l0xx_hal_dma.o
 .text.HAL_DMA_GetError
                0x0000000000000000        0x4 Drivers/STM32L0xx_HAL_Driver/stm32l0xx_hal_dma.o
 .debug_info    0x0000000000000000      0xf30 Drivers/STM32L0xx_HAL_Driver/stm32l0xx_hal_dma.o
 .debug_abbrev  0x0000000000000000      0x29d Drivers/STM32L0xx_HAL_Driver/stm32l0xx_hal_dma.o
 .debug_loc     0x0000000000000000      0x729 Drivers/STM32L0xx_HAL_Driver/stm32l0xx_hal_dma.o
 .debug_aranges
                0x0000000000000000       0x68 Drivers/STM32L0xx_HAL_Driver/stm32l0xx_hal_dma.o
 .debug_ranges  0x0000000000000000       0x88 Drivers/STM32L0xx_HAL_Driver/stm32l0xx_hal_dma.o
 .debug_line    0x0000000000000000      0x6b3 Drivers/STM32L0xx_HAL_Driver/stm32l0xx_hal_dma.o
 .debug_str     0x0000000000000000      0x9d5 Drivers/STM32L0xx_HAL_Driver/stm32l0xx_hal_dma.o
 .comment       0x0000000000000000       0x7d Drivers/STM32L0xx_HAL_Driver/stm32l0xx_hal_dma.o
 .debug_frame   0x0000000000000000      0x11c Drivers/STM32L0xx_HAL_Driver/stm32l0xx_hal_dma.o
 .ARM.attributes
                0x0000000000000000       0x32 Drivers/STM32L0xx_HAL_Driver/stm32l0xx_hal_dma.o
 .text          0x0000000000000000        0x0 Drivers/STM32L0xx_HAL_Driver/stm32l0xx_hal_flash.o
 .data          0x0000000000000000        0x0 Drivers/STM32L0xx_HAL_Driver/stm32l0xx_hal_flash.o
 .bss           0x0000000000000000        0x0 Drivers/STM32L0xx_HAL_Driver/stm32l0xx_hal_flash.o
 .text.FLASH_SetErrorCode
                0x0000000000000000       0xa8 Drivers/STM32L0xx_HAL_Driver/stm32l0xx_hal_flash.o
 .text.HAL_FLASH_Program_IT
                0x0000000000000000       0x38 Drivers/STM32L0xx_HAL_Driver/stm32l0xx_hal_flash.o
 .text.HAL_FLASH_EndOfOperationCallback
                0x0000000000000000        0x2 Drivers/STM32L0xx_HAL_Driver/stm32l0xx_hal_flash.o
 .text.HAL_FLASH_OperationErrorCallback
                0x0000000000000000        0x2 Drivers/STM32L0xx_HAL_Driver/stm32l0xx_hal_flash.o
 .text.HAL_FLASH_IRQHandler
                0x0000000000000000       0xe0 Drivers/STM32L0xx_HAL_Driver/stm32l0xx_hal_flash.o
 .text.HAL_FLASH_Unlock
                0x0000000000000000       0x3c Drivers/STM32L0xx_HAL_Driver/stm32l0xx_hal_flash.o
 .text.HAL_FLASH_Lock
                0x0000000000000000       0x14 Drivers/STM32L0xx_HAL_Driver/stm32l0xx_hal_flash.o
 .text.HAL_FLASH_OB_Unlock
                0x0000000000000000       0x3c Drivers/STM32L0xx_HAL_Driver/stm32l0xx_hal_flash.o
 .text.HAL_FLASH_OB_Lock
                0x0000000000000000       0x14 Drivers/STM32L0xx_HAL_Driver/stm32l0xx_hal_flash.o
 .text.HAL_FLASH_GetError
                0x0000000000000000        0xc Drivers/STM32L0xx_HAL_Driver/stm32l0xx_hal_flash.o
 .text.FLASH_WaitForLastOperation
                0x0000000000000000       0x74 Drivers/STM32L0xx_HAL_Driver/stm32l0xx_hal_flash.o
 .text.HAL_FLASH_Program
                0x0000000000000000       0x38 Drivers/STM32L0xx_HAL_Driver/stm32l0xx_hal_flash.o
 .text.HAL_FLASH_OB_Launch
                0x0000000000000000       0x20 Drivers/STM32L0xx_HAL_Driver/stm32l0xx_hal_flash.o
 .debug_info    0x0000000000000000      0xd7f Drivers/STM32L0xx_HAL_Driver/stm32l0xx_hal_flash.o
 .debug_abbrev  0x0000000000000000      0x31a Drivers/STM32L0xx_HAL_Driver/stm32l0xx_hal_flash.o
 .debug_loc     0x0000000000000000      0x1aa Drivers/STM32L0xx_HAL_Driver/stm32l0xx_hal_flash.o
 .debug_aranges
                0x0000000000000000       0x78 Drivers/STM32L0xx_HAL_Driver/stm32l0xx_hal_flash.o
 .debug_ranges  0x0000000000000000       0x68 Drivers/STM32L0xx_HAL_Driver/stm32l0xx_hal_flash.o
 .debug_line    0x0000000000000000      0x46a Drivers/STM32L0xx_HAL_Driver/stm32l0xx_hal_flash.o
 .debug_str     0x0000000000000000      0x914 Drivers/STM32L0xx_HAL_Driver/stm32l0xx_hal_flash.o
 .comment       0x0000000000000000       0x7d Drivers/STM32L0xx_HAL_Driver/stm32l0xx_hal_flash.o
 .debug_frame   0x0000000000000000      0x128 Drivers/STM32L0xx_HAL_Driver/stm32l0xx_hal_flash.o
 .ARM.attributes
                0x0000000000000000       0x32 Drivers/STM32L0xx_HAL_Driver/stm32l0xx_hal_flash.o
 COMMON         0x0000000000000000       0x18 Drivers/STM32L0xx_HAL_Driver/stm32l0xx_hal_flash.o
 .text          0x0000000000000000        0x0 Drivers/STM32L0xx_HAL_Driver/stm32l0xx_hal_flash_ex.o
 .data          0x0000000000000000        0x0 Drivers/STM32L0xx_HAL_Driver/stm32l0xx_hal_flash_ex.o
 .bss           0x0000000000000000        0x0 Drivers/STM32L0xx_HAL_Driver/stm32l0xx_hal_flash_ex.o
 .text.FLASH_OB_ProtectedSectorsConfig
                0x0000000000000000       0x58 Drivers/STM32L0xx_HAL_Driver/stm32l0xx_hal_flash_ex.o
 .text.HAL_FLASHEx_OBProgram
                0x0000000000000000      0x114 Drivers/STM32L0xx_HAL_Driver/stm32l0xx_hal_flash_ex.o
 .text.HAL_FLASHEx_OBGetConfig
                0x0000000000000000       0x30 Drivers/STM32L0xx_HAL_Driver/stm32l0xx_hal_flash_ex.o
 .text.HAL_FLASHEx_AdvOBProgram
                0x0000000000000000       0x16 Drivers/STM32L0xx_HAL_Driver/stm32l0xx_hal_flash_ex.o
 .text.HAL_FLASHEx_AdvOBGetConfig
                0x0000000000000000       0x18 Drivers/STM32L0xx_HAL_Driver/stm32l0xx_hal_flash_ex.o
 .text.HAL_FLASHEx_OB_SelectPCROP
                0x0000000000000000       0x38 Drivers/STM32L0xx_HAL_Driver/stm32l0xx_hal_flash_ex.o
 .text.HAL_FLASHEx_OB_DeSelectPCROP
                0x0000000000000000       0x34 Drivers/STM32L0xx_HAL_Driver/stm32l0xx_hal_flash_ex.o
 .text.HAL_FLASHEx_DATAEEPROM_Unlock
                0x0000000000000000       0x24 Drivers/STM32L0xx_HAL_Driver/stm32l0xx_hal_flash_ex.o
 .text.HAL_FLASHEx_DATAEEPROM_Lock
                0x0000000000000000       0x14 Drivers/STM32L0xx_HAL_Driver/stm32l0xx_hal_flash_ex.o
 .text.HAL_FLASHEx_DATAEEPROM_Erase
                0x0000000000000000       0x24 Drivers/STM32L0xx_HAL_Driver/stm32l0xx_hal_flash_ex.o
 .text.HAL_FLASHEx_DATAEEPROM_Program
                0x0000000000000000       0x54 Drivers/STM32L0xx_HAL_Driver/stm32l0xx_hal_flash_ex.o
 .text.HAL_FLASHEx_DATAEEPROM_EnableFixedTimeProgram
                0x0000000000000000       0x14 Drivers/STM32L0xx_HAL_Driver/stm32l0xx_hal_flash_ex.o
 .text.HAL_FLASHEx_DATAEEPROM_DisableFixedTimeProgram
                0x0000000000000000       0x14 Drivers/STM32L0xx_HAL_Driver/stm32l0xx_hal_flash_ex.o
 .text.FLASH_PageErase
                0x0000000000000000       0x2c Drivers/STM32L0xx_HAL_Driver/stm32l0xx_hal_flash_ex.o
 .text.HAL_FLASHEx_Erase
                0x0000000000000000       0x78 Drivers/STM32L0xx_HAL_Driver/stm32l0xx_hal_flash_ex.o
 .text.HAL_FLASHEx_Erase_IT
                0x0000000000000000       0x5c Drivers/STM32L0xx_HAL_Driver/stm32l0xx_hal_flash_ex.o
 .debug_info    0x0000000000000000     0x144e Drivers/STM32L0xx_HAL_Driver/stm32l0xx_hal_flash_ex.o
 .debug_abbrev  0x0000000000000000      0x34a Drivers/STM32L0xx_HAL_Driver/stm32l0xx_hal_flash_ex.o
 .debug_loc     0x0000000000000000      0x9b1 Drivers/STM32L0xx_HAL_Driver/stm32l0xx_hal_flash_ex.o
 .debug_aranges
                0x0000000000000000       0x98 Drivers/STM32L0xx_HAL_Driver/stm32l0xx_hal_flash_ex.o
 .debug_ranges  0x0000000000000000      0x100 Drivers/STM32L0xx_HAL_Driver/stm32l0xx_hal_flash_ex.o
 .debug_line    0x0000000000000000      0x59d Drivers/STM32L0xx_HAL_Driver/stm32l0xx_hal_flash_ex.o
 .debug_str     0x0000000000000000      0xbe2 Drivers/STM32L0xx_HAL_Driver/stm32l0xx_hal_flash_ex.o
 .comment       0x0000000000000000       0x7d Drivers/STM32L0xx_HAL_Driver/stm32l0xx_hal_flash_ex.o
 .debug_frame   0x0000000000000000      0x194 Drivers/STM32L0xx_HAL_Driver/stm32l0xx_hal_flash_ex.o
 .ARM.attributes
                0x0000000000000000       0x32 Drivers/STM32L0xx_HAL_Driver/stm32l0xx_hal_flash_ex.o
 .text          0x0000000000000000        0x0 Drivers/STM32L0xx_HAL_Driver/stm32l0xx_hal_flash_ramfunc.o
 .data          0x0000000000000000        0x0 Drivers/STM32L0xx_HAL_Driver/stm32l0xx_hal_flash_ramfunc.o
 .bss           0x0000000000000000        0x0 Drivers/STM32L0xx_HAL_Driver/stm32l0xx_hal_flash_ramfunc.o
 .RamFunc       0x0000000000000000      0x1ac Drivers/STM32L0xx_HAL_Driver/stm32l0xx_hal_flash_ramfunc.o
 .debug_info    0x0000000000000000      0xc23 Drivers/STM32L0xx_HAL_Driver/stm32l0xx_hal_flash_ramfunc.o
 .debug_abbrev  0x0000000000000000      0x272 Drivers/STM32L0xx_HAL_Driver/stm32l0xx_hal_flash_ramfunc.o
 .debug_loc     0x0000000000000000      0x11a Drivers/STM32L0xx_HAL_Driver/stm32l0xx_hal_flash_ramfunc.o
 .debug_aranges
                0x0000000000000000       0x40 Drivers/STM32L0xx_HAL_Driver/stm32l0xx_hal_flash_ramfunc.o
 .debug_ranges  0x0000000000000000       0x30 Drivers/STM32L0xx_HAL_Driver/stm32l0xx_hal_flash_ramfunc.o
 .debug_line    0x0000000000000000      0x336 Drivers/STM32L0xx_HAL_Driver/stm32l0xx_hal_flash_ramfunc.o
 .debug_str     0x0000000000000000      0x882 Drivers/STM32L0xx_HAL_Driver/stm32l0xx_hal_flash_ramfunc.o
 .comment       0x0000000000000000       0x7d Drivers/STM32L0xx_HAL_Driver/stm32l0xx_hal_flash_ramfunc.o
 .debug_frame   0x0000000000000000       0x78 Drivers/STM32L0xx_HAL_Driver/stm32l0xx_hal_flash_ramfunc.o
 .ARM.attributes
                0x0000000000000000       0x32 Drivers/STM32L0xx_HAL_Driver/stm32l0xx_hal_flash_ramfunc.o
 .text          0x0000000000000000        0x0 Drivers/STM32L0xx_HAL_Driver/stm32l0xx_hal_gpio.o
 .data          0x0000000000000000        0x0 Drivers/STM32L0xx_HAL_Driver/stm32l0xx_hal_gpio.o
 .bss           0x0000000000000000        0x0 Drivers/STM32L0xx_HAL_Driver/stm32l0xx_hal_gpio.o
 .text.HAL_GPIO_DeInit
                0x0000000000000000       0xf8 Drivers/STM32L0xx_HAL_Driver/stm32l0xx_hal_gpio.o
 .text.HAL_GPIO_TogglePin
                0x0000000000000000        0x8 Drivers/STM32L0xx_HAL_Driver/stm32l0xx_hal_gpio.o
 .text.HAL_GPIO_LockPin
                0x0000000000000000       0x28 Drivers/STM32L0xx_HAL_Driver/stm32l0xx_hal_gpio.o
 .text.HAL_GPIO_EXTI_Callback
                0x0000000000000000        0x2 Drivers/STM32L0xx_HAL_Driver/stm32l0xx_hal_gpio.o
 .text.HAL_GPIO_EXTI_IRQHandler
                0x0000000000000000       0x18 Drivers/STM32L0xx_HAL_Driver/stm32l0xx_hal_gpio.o
 .text          0x0000000000000000        0x0 Drivers/STM32L0xx_HAL_Driver/stm32l0xx_hal_i2c.o
 .data          0x0000000000000000        0x0 Drivers/STM32L0xx_HAL_Driver/stm32l0xx_hal_i2c.o
 .bss           0x0000000000000000        0x0 Drivers/STM32L0xx_HAL_Driver/stm32l0xx_hal_i2c.o
 .text.I2C_Flush_TXDR
                0x0000000000000000       0x1c Drivers/STM32L0xx_HAL_Driver/stm32l0xx_hal_i2c.o
 .text.I2C_DMASlaveReceiveCplt
                0x0000000000000000        0x2 Drivers/STM32L0xx_HAL_Driver/stm32l0xx_hal_i2c.o
 .text.I2C_TransferConfig
                0x0000000000000000       0x2c Drivers/STM32L0xx_HAL_Driver/stm32l0xx_hal_i2c.o
 .text.I2C_Enable_IRQ
                0x0000000000000000       0x6c Drivers/STM32L0xx_HAL_Driver/stm32l0xx_hal_i2c.o
 .text.I2C_Disable_IRQ
                0x0000000000000000       0x60 Drivers/STM32L0xx_HAL_Driver/stm32l0xx_hal_i2c.o
 .text.I2C_WaitOnFlagUntilTimeout
                0x0000000000000000       0x4c Drivers/STM32L0xx_HAL_Driver/stm32l0xx_hal_i2c.o
 .text.I2C_DMAMasterTransmitCplt
                0x0000000000000000       0x44 Drivers/STM32L0xx_HAL_Driver/stm32l0xx_hal_i2c.o
 .text.I2C_DMAMasterReceiveCplt
                0x0000000000000000       0x44 Drivers/STM32L0xx_HAL_Driver/stm32l0xx_hal_i2c.o
 .text.I2C_IsAcknowledgeFailed
                0x0000000000000000       0x80 Drivers/STM32L0xx_HAL_Driver/stm32l0xx_hal_i2c.o
 .text.I2C_WaitOnTXISFlagUntilTimeout
                0x0000000000000000       0x5a Drivers/STM32L0xx_HAL_Driver/stm32l0xx_hal_i2c.o
 .text.I2C_RequestMemoryWrite
                0x0000000000000000       0x6c Drivers/STM32L0xx_HAL_Driver/stm32l0xx_hal_i2c.o
 .text.I2C_RequestMemoryRead
                0x0000000000000000       0x68 Drivers/STM32L0xx_HAL_Driver/stm32l0xx_hal_i2c.o
 .text.I2C_WaitOnRXNEFlagUntilTimeout
                0x0000000000000000       0x78 Drivers/STM32L0xx_HAL_Driver/stm32l0xx_hal_i2c.o
 .text.I2C_DMASlaveTransmitCplt
                0x0000000000000000        0x2 Drivers/STM32L0xx_HAL_Driver/stm32l0xx_hal_i2c.o
 .text.I2C_WaitOnSTOPFlagUntilTimeout
                0x0000000000000000       0x56 Drivers/STM32L0xx_HAL_Driver/stm32l0xx_hal_i2c.o
 .text.HAL_I2C_MspInit
                0x0000000000000000        0x2 Drivers/STM32L0xx_HAL_Driver/stm32l0xx_hal_i2c.o
 .text.HAL_I2C_Init
                0x0000000000000000       0xac Drivers/STM32L0xx_HAL_Driver/stm32l0xx_hal_i2c.o
 .text.HAL_I2C_MspDeInit
                0x0000000000000000        0x2 Drivers/STM32L0xx_HAL_Driver/stm32l0xx_hal_i2c.o
 .text.HAL_I2C_DeInit
                0x0000000000000000       0x34 Drivers/STM32L0xx_HAL_Driver/stm32l0xx_hal_i2c.o
 .text.HAL_I2C_Master_Transmit
                0x0000000000000000      0x134 Drivers/STM32L0xx_HAL_Driver/stm32l0xx_hal_i2c.o
 .text.HAL_I2C_Master_Receive
                0x0000000000000000      0x134 Drivers/STM32L0xx_HAL_Driver/stm32l0xx_hal_i2c.o
 .text.HAL_I2C_Slave_Transmit
                0x0000000000000000      0x158 Drivers/STM32L0xx_HAL_Driver/stm32l0xx_hal_i2c.o
 .text.HAL_I2C_Slave_Receive
                0x0000000000000000      0x14c Drivers/STM32L0xx_HAL_Driver/stm32l0xx_hal_i2c.o
 .text.HAL_I2C_Master_Transmit_IT
                0x0000000000000000       0x90 Drivers/STM32L0xx_HAL_Driver/stm32l0xx_hal_i2c.o
 .text.HAL_I2C_Master_Receive_IT
                0x0000000000000000       0x90 Drivers/STM32L0xx_HAL_Driver/stm32l0xx_hal_i2c.o
 .text.HAL_I2C_Slave_Transmit_IT
                0x0000000000000000       0x5c Drivers/STM32L0xx_HAL_Driver/stm32l0xx_hal_i2c.o
 .text.HAL_I2C_Slave_Receive_IT
                0x0000000000000000       0x5c Drivers/STM32L0xx_HAL_Driver/stm32l0xx_hal_i2c.o
 .text.HAL_I2C_Master_Transmit_DMA
                0x0000000000000000      0x10c Drivers/STM32L0xx_HAL_Driver/stm32l0xx_hal_i2c.o
 .text.HAL_I2C_Master_Receive_DMA
                0x0000000000000000      0x104 Drivers/STM32L0xx_HAL_Driver/stm32l0xx_hal_i2c.o
 .text.HAL_I2C_Slave_Transmit_DMA
                0x0000000000000000       0x9c Drivers/STM32L0xx_HAL_Driver/stm32l0xx_hal_i2c.o
 .text.HAL_I2C_Slave_Receive_DMA
                0x0000000000000000       0xa0 Drivers/STM32L0xx_HAL_Driver/stm32l0xx_hal_i2c.o
 .text.HAL_I2C_Mem_Write
                0x0000000000000000      0x174 Drivers/STM32L0xx_HAL_Driver/stm32l0xx_hal_i2c.o
 .text.HAL_I2C_Mem_Read
                0x0000000000000000      0x180 Drivers/STM32L0xx_HAL_Driver/stm32l0xx_hal_i2c.o
 .text.HAL_I2C_Mem_Write_IT
                0x0000000000000000       0xdc Drivers/STM32L0xx_HAL_Driver/stm32l0xx_hal_i2c.o
 .text.HAL_I2C_Mem_Read_IT
                0x0000000000000000       0xe0 Drivers/STM32L0xx_HAL_Driver/stm32l0xx_hal_i2c.o
 .text.HAL_I2C_Mem_Write_DMA
                0x0000000000000000      0x114 Drivers/STM32L0xx_HAL_Driver/stm32l0xx_hal_i2c.o
 .text.HAL_I2C_Mem_Read_DMA
                0x0000000000000000      0x118 Drivers/STM32L0xx_HAL_Driver/stm32l0xx_hal_i2c.o
 .text.HAL_I2C_IsDeviceReady
                0x0000000000000000      0x12c Drivers/STM32L0xx_HAL_Driver/stm32l0xx_hal_i2c.o
 .text.HAL_I2C_Master_Sequential_Transmit_IT
                0x0000000000000000       0x80 Drivers/STM32L0xx_HAL_Driver/stm32l0xx_hal_i2c.o
 .text.HAL_I2C_Master_Sequential_Receive_IT
                0x0000000000000000       0x80 Drivers/STM32L0xx_HAL_Driver/stm32l0xx_hal_i2c.o
 .text.HAL_I2C_Slave_Sequential_Transmit_IT
                0x0000000000000000       0x98 Drivers/STM32L0xx_HAL_Driver/stm32l0xx_hal_i2c.o
 .text.HAL_I2C_Slave_Sequential_Receive_IT
                0x0000000000000000       0x98 Drivers/STM32L0xx_HAL_Driver/stm32l0xx_hal_i2c.o
 .text.HAL_I2C_EnableListen_IT
                0x0000000000000000       0x28 Drivers/STM32L0xx_HAL_Driver/stm32l0xx_hal_i2c.o
 .text.HAL_I2C_DisableListen_IT
                0x0000000000000000       0x32 Drivers/STM32L0xx_HAL_Driver/stm32l0xx_hal_i2c.o
 .text.HAL_I2C_Master_Abort_IT
                0x0000000000000000       0x60 Drivers/STM32L0xx_HAL_Driver/stm32l0xx_hal_i2c.o
 .text.HAL_I2C_EV_IRQHandler
                0x0000000000000000       0x12 Drivers/STM32L0xx_HAL_Driver/stm32l0xx_hal_i2c.o
 .text.HAL_I2C_MasterTxCpltCallback
                0x0000000000000000        0x2 Drivers/STM32L0xx_HAL_Driver/stm32l0xx_hal_i2c.o
 .text.HAL_I2C_MasterRxCpltCallback
                0x0000000000000000        0x2 Drivers/STM32L0xx_HAL_Driver/stm32l0xx_hal_i2c.o
 .text.I2C_ITMasterSequentialCplt
                0x0000000000000000       0x48 Drivers/STM32L0xx_HAL_Driver/stm32l0xx_hal_i2c.o
 .text.HAL_I2C_SlaveTxCpltCallback
                0x0000000000000000        0x2 Drivers/STM32L0xx_HAL_Driver/stm32l0xx_hal_i2c.o
 .text.HAL_I2C_SlaveRxCpltCallback
                0x0000000000000000        0x2 Drivers/STM32L0xx_HAL_Driver/stm32l0xx_hal_i2c.o
 .text.I2C_ITSlaveSequentialCplt
                0x0000000000000000       0x52 Drivers/STM32L0xx_HAL_Driver/stm32l0xx_hal_i2c.o
 .text.HAL_I2C_AddrCallback
                0x0000000000000000        0x2 Drivers/STM32L0xx_HAL_Driver/stm32l0xx_hal_i2c.o
 .text.HAL_I2C_ListenCpltCallback
                0x0000000000000000        0x2 Drivers/STM32L0xx_HAL_Driver/stm32l0xx_hal_i2c.o
 .text.I2C_ITListenCplt
                0x0000000000000000       0x64 Drivers/STM32L0xx_HAL_Driver/stm32l0xx_hal_i2c.o
 .text.HAL_I2C_MemTxCpltCallback
                0x0000000000000000        0x2 Drivers/STM32L0xx_HAL_Driver/stm32l0xx_hal_i2c.o
 .text.HAL_I2C_MemRxCpltCallback
                0x0000000000000000        0x2 Drivers/STM32L0xx_HAL_Driver/stm32l0xx_hal_i2c.o
 .text.HAL_I2C_ErrorCallback
                0x0000000000000000        0x2 Drivers/STM32L0xx_HAL_Driver/stm32l0xx_hal_i2c.o
 .text.HAL_I2C_AbortCpltCallback
                0x0000000000000000        0x2 Drivers/STM32L0xx_HAL_Driver/stm32l0xx_hal_i2c.o
 .text.I2C_ITError
                0x0000000000000000       0xe0 Drivers/STM32L0xx_HAL_Driver/stm32l0xx_hal_i2c.o
 .text.I2C_ITSlaveCplt
                0x0000000000000000       0xf8 Drivers/STM32L0xx_HAL_Driver/stm32l0xx_hal_i2c.o
 .text.I2C_Slave_ISR_IT
                0x0000000000000000      0x1d0 Drivers/STM32L0xx_HAL_Driver/stm32l0xx_hal_i2c.o
 .text.I2C_Slave_ISR_DMA
                0x0000000000000000       0x72 Drivers/STM32L0xx_HAL_Driver/stm32l0xx_hal_i2c.o
 .text.I2C_ITMasterCplt
                0x0000000000000000       0xb4 Drivers/STM32L0xx_HAL_Driver/stm32l0xx_hal_i2c.o
 .text.I2C_Master_ISR_IT
                0x0000000000000000      0x12c Drivers/STM32L0xx_HAL_Driver/stm32l0xx_hal_i2c.o
 .text.I2C_Master_ISR_DMA
                0x0000000000000000       0xc6 Drivers/STM32L0xx_HAL_Driver/stm32l0xx_hal_i2c.o
 .text.I2C_DMAError
                0x0000000000000000       0x18 Drivers/STM32L0xx_HAL_Driver/stm32l0xx_hal_i2c.o
 .text.HAL_I2C_ER_IRQHandler
                0x0000000000000000       0x5a Drivers/STM32L0xx_HAL_Driver/stm32l0xx_hal_i2c.o
 .text.I2C_DMAAbort
                0x0000000000000000       0x34 Drivers/STM32L0xx_HAL_Driver/stm32l0xx_hal_i2c.o
 .text.HAL_I2C_GetState
                0x0000000000000000        0x8 Drivers/STM32L0xx_HAL_Driver/stm32l0xx_hal_i2c.o
 .text.HAL_I2C_GetMode
                0x0000000000000000        0x8 Drivers/STM32L0xx_HAL_Driver/stm32l0xx_hal_i2c.o
 .text.HAL_I2C_GetError
                0x0000000000000000        0x4 Drivers/STM32L0xx_HAL_Driver/stm32l0xx_hal_i2c.o
 .debug_info    0x0000000000000000     0x393f Drivers/STM32L0xx_HAL_Driver/stm32l0xx_hal_i2c.o
 .debug_abbrev  0x0000000000000000      0x38c Drivers/STM32L0xx_HAL_Driver/stm32l0xx_hal_i2c.o
 .debug_loc     0x0000000000000000     0x328b Drivers/STM32L0xx_HAL_Driver/stm32l0xx_hal_i2c.o
 .debug_aranges
                0x0000000000000000      0x200 Drivers/STM32L0xx_HAL_Driver/stm32l0xx_hal_i2c.o
 .debug_ranges  0x0000000000000000      0x280 Drivers/STM32L0xx_HAL_Driver/stm32l0xx_hal_i2c.o
 .debug_line    0x0000000000000000     0x162f Drivers/STM32L0xx_HAL_Driver/stm32l0xx_hal_i2c.o
 .debug_str     0x0000000000000000     0x12f9 Drivers/STM32L0xx_HAL_Driver/stm32l0xx_hal_i2c.o
 .comment       0x0000000000000000       0x7d Drivers/STM32L0xx_HAL_Driver/stm32l0xx_hal_i2c.o
 .debug_frame   0x0000000000000000      0x794 Drivers/STM32L0xx_HAL_Driver/stm32l0xx_hal_i2c.o
 .ARM.attributes
                0x0000000000000000       0x32 Drivers/STM32L0xx_HAL_Driver/stm32l0xx_hal_i2c.o
 .text          0x0000000000000000        0x0 Drivers/STM32L0xx_HAL_Driver/stm32l0xx_hal_i2c_ex.o
 .data          0x0000000000000000        0x0 Drivers/STM32L0xx_HAL_Driver/stm32l0xx_hal_i2c_ex.o
 .bss           0x0000000000000000        0x0 Drivers/STM32L0xx_HAL_Driver/stm32l0xx_hal_i2c_ex.o
 .text.HAL_I2CEx_ConfigAnalogFilter
                0x0000000000000000       0x4c Drivers/STM32L0xx_HAL_Driver/stm32l0xx_hal_i2c_ex.o
 .text.HAL_I2CEx_ConfigDigitalFilter
                0x0000000000000000       0x48 Drivers/STM32L0xx_HAL_Driver/stm32l0xx_hal_i2c_ex.o
 .text.HAL_I2CEx_EnableWakeUp
                0x0000000000000000       0x42 Drivers/STM32L0xx_HAL_Driver/stm32l0xx_hal_i2c_ex.o
 .text.HAL_I2CEx_DisableWakeUp
                0x0000000000000000       0x44 Drivers/STM32L0xx_HAL_Driver/stm32l0xx_hal_i2c_ex.o
 .text.HAL_I2CEx_EnableFastModePlus
                0x0000000000000000       0x1c Drivers/STM32L0xx_HAL_Driver/stm32l0xx_hal_i2c_ex.o
 .text.HAL_I2CEx_DisableFastModePlus
                0x0000000000000000       0x1c Drivers/STM32L0xx_HAL_Driver/stm32l0xx_hal_i2c_ex.o
 .debug_info    0x0000000000000000     0x10b3 Drivers/STM32L0xx_HAL_Driver/stm32l0xx_hal_i2c_ex.o
 .debug_abbrev  0x0000000000000000      0x211 Drivers/STM32L0xx_HAL_Driver/stm32l0xx_hal_i2c_ex.o
 .debug_loc     0x0000000000000000      0x1c8 Drivers/STM32L0xx_HAL_Driver/stm32l0xx_hal_i2c_ex.o
 .debug_aranges
                0x0000000000000000       0x48 Drivers/STM32L0xx_HAL_Driver/stm32l0xx_hal_i2c_ex.o
 .debug_ranges  0x0000000000000000       0x38 Drivers/STM32L0xx_HAL_Driver/stm32l0xx_hal_i2c_ex.o
 .debug_line    0x0000000000000000      0x3ef Drivers/STM32L0xx_HAL_Driver/stm32l0xx_hal_i2c_ex.o
 .debug_str     0x0000000000000000      0xcbf Drivers/STM32L0xx_HAL_Driver/stm32l0xx_hal_i2c_ex.o
 .comment       0x0000000000000000       0x7d Drivers/STM32L0xx_HAL_Driver/stm32l0xx_hal_i2c_ex.o
 .debug_frame   0x0000000000000000       0xa8 Drivers/STM32L0xx_HAL_Driver/stm32l0xx_hal_i2c_ex.o
 .ARM.attributes
                0x0000000000000000       0x32 Drivers/STM32L0xx_HAL_Driver/stm32l0xx_hal_i2c_ex.o
 .text          0x0000000000000000        0x0 Drivers/STM32L0xx_HAL_Driver/stm32l0xx_hal_pwr.o
 .data          0x0000000000000000        0x0 Drivers/STM32L0xx_HAL_Driver/stm32l0xx_hal_pwr.o
 .bss           0x0000000000000000        0x0 Drivers/STM32L0xx_HAL_Driver/stm32l0xx_hal_pwr.o
 .text.HAL_PWR_DeInit
                0x0000000000000000       0x20 Drivers/STM32L0xx_HAL_Driver/stm32l0xx_hal_pwr.o
 .text.HAL_PWR_EnableBkUpAccess
                0x0000000000000000       0x14 Drivers/STM32L0xx_HAL_Driver/stm32l0xx_hal_pwr.o
 .text.HAL_PWR_DisableBkUpAccess
                0x0000000000000000       0x14 Drivers/STM32L0xx_HAL_Driver/stm32l0xx_hal_pwr.o
 .text.HAL_PWR_ConfigPVD
                0x0000000000000000       0x74 Drivers/STM32L0xx_HAL_Driver/stm32l0xx_hal_pwr.o
 .text.HAL_PWR_EnablePVD
                0x0000000000000000       0x10 Drivers/STM32L0xx_HAL_Driver/stm32l0xx_hal_pwr.o
 .text.HAL_PWR_DisablePVD
                0x0000000000000000       0x10 Drivers/STM32L0xx_HAL_Driver/stm32l0xx_hal_pwr.o
 .text.HAL_PWR_EnableWakeUpPin
                0x0000000000000000       0x10 Drivers/STM32L0xx_HAL_Driver/stm32l0xx_hal_pwr.o
 .text.HAL_PWR_DisableWakeUpPin
                0x0000000000000000       0x10 Drivers/STM32L0xx_HAL_Driver/stm32l0xx_hal_pwr.o
 .text.HAL_PWR_EnterSLEEPMode
                0x0000000000000000       0x30 Drivers/STM32L0xx_HAL_Driver/stm32l0xx_hal_pwr.o
 .text.HAL_PWR_EnterSTOPMode
                0x0000000000000000       0x38 Drivers/STM32L0xx_HAL_Driver/stm32l0xx_hal_pwr.o
 .text.HAL_PWR_EnterSTANDBYMode
                0x0000000000000000       0x20 Drivers/STM32L0xx_HAL_Driver/stm32l0xx_hal_pwr.o
 .text.HAL_PWR_EnableSleepOnExit
                0x0000000000000000       0x10 Drivers/STM32L0xx_HAL_Driver/stm32l0xx_hal_pwr.o
 .text.HAL_PWR_DisableSleepOnExit
                0x0000000000000000       0x10 Drivers/STM32L0xx_HAL_Driver/stm32l0xx_hal_pwr.o
 .text.HAL_PWR_EnableSEVOnPend
                0x0000000000000000       0x10 Drivers/STM32L0xx_HAL_Driver/stm32l0xx_hal_pwr.o
 .text.HAL_PWR_DisableSEVOnPend
                0x0000000000000000       0x10 Drivers/STM32L0xx_HAL_Driver/stm32l0xx_hal_pwr.o
 .text.HAL_PWR_PVDCallback
                0x0000000000000000        0x2 Drivers/STM32L0xx_HAL_Driver/stm32l0xx_hal_pwr.o
 .text.HAL_PWR_PVD_IRQHandler
                0x0000000000000000       0x1c Drivers/STM32L0xx_HAL_Driver/stm32l0xx_hal_pwr.o
 .debug_info    0x0000000000000000      0xe69 Drivers/STM32L0xx_HAL_Driver/stm32l0xx_hal_pwr.o
 .debug_abbrev  0x0000000000000000      0x22e Drivers/STM32L0xx_HAL_Driver/stm32l0xx_hal_pwr.o
 .debug_loc     0x0000000000000000      0x12e Drivers/STM32L0xx_HAL_Driver/stm32l0xx_hal_pwr.o
 .debug_aranges
                0x0000000000000000       0xa0 Drivers/STM32L0xx_HAL_Driver/stm32l0xx_hal_pwr.o
 .debug_ranges  0x0000000000000000       0x90 Drivers/STM32L0xx_HAL_Driver/stm32l0xx_hal_pwr.o
 .debug_line    0x0000000000000000      0x448 Drivers/STM32L0xx_HAL_Driver/stm32l0xx_hal_pwr.o
 .debug_str     0x0000000000000000      0x930 Drivers/STM32L0xx_HAL_Driver/stm32l0xx_hal_pwr.o
 .comment       0x0000000000000000       0x7d Drivers/STM32L0xx_HAL_Driver/stm32l0xx_hal_pwr.o
 .debug_frame   0x0000000000000000      0x13c Drivers/STM32L0xx_HAL_Driver/stm32l0xx_hal_pwr.o
 .ARM.attributes
                0x0000000000000000       0x32 Drivers/STM32L0xx_HAL_Driver/stm32l0xx_hal_pwr.o
 .text          0x0000000000000000        0x0 Drivers/STM32L0xx_HAL_Driver/stm32l0xx_hal_pwr_ex.o
 .data          0x0000000000000000        0x0 Drivers/STM32L0xx_HAL_Driver/stm32l0xx_hal_pwr_ex.o
 .bss           0x0000000000000000        0x0 Drivers/STM32L0xx_HAL_Driver/stm32l0xx_hal_pwr_ex.o
 .text.HAL_PWREx_GetVoltageRange
                0x0000000000000000       0x10 Drivers/STM32L0xx_HAL_Driver/stm32l0xx_hal_pwr_ex.o
 .text.HAL_PWREx_EnableFastWakeUp
                0x0000000000000000       0x14 Drivers/STM32L0xx_HAL_Driver/stm32l0xx_hal_pwr_ex.o
 .text.HAL_PWREx_DisableFastWakeUp
                0x0000000000000000       0x14 Drivers/STM32L0xx_HAL_Driver/stm32l0xx_hal_pwr_ex.o
 .text.HAL_PWREx_EnableUltraLowPower
                0x0000000000000000       0x14 Drivers/STM32L0xx_HAL_Driver/stm32l0xx_hal_pwr_ex.o
 .text.HAL_PWREx_DisableUltraLowPower
                0x0000000000000000       0x14 Drivers/STM32L0xx_HAL_Driver/stm32l0xx_hal_pwr_ex.o
 .text.HAL_PWREx_EnableLowPowerRunMode
                0x0000000000000000       0x1c Drivers/STM32L0xx_HAL_Driver/stm32l0xx_hal_pwr_ex.o
 .text.HAL_PWREx_DisableLowPowerRunMode
                0x0000000000000000       0x50 Drivers/STM32L0xx_HAL_Driver/stm32l0xx_hal_pwr_ex.o
 .debug_info    0x0000000000000000      0xa38 Drivers/STM32L0xx_HAL_Driver/stm32l0xx_hal_pwr_ex.o
 .debug_abbrev  0x0000000000000000      0x1eb Drivers/STM32L0xx_HAL_Driver/stm32l0xx_hal_pwr_ex.o
 .debug_loc     0x0000000000000000       0x2a Drivers/STM32L0xx_HAL_Driver/stm32l0xx_hal_pwr_ex.o
 .debug_aranges
                0x0000000000000000       0x50 Drivers/STM32L0xx_HAL_Driver/stm32l0xx_hal_pwr_ex.o
 .debug_ranges  0x0000000000000000       0x40 Drivers/STM32L0xx_HAL_Driver/stm32l0xx_hal_pwr_ex.o
 .debug_line    0x0000000000000000      0x309 Drivers/STM32L0xx_HAL_Driver/stm32l0xx_hal_pwr_ex.o
 .debug_str     0x0000000000000000      0x77a Drivers/STM32L0xx_HAL_Driver/stm32l0xx_hal_pwr_ex.o
 .comment       0x0000000000000000       0x7d Drivers/STM32L0xx_HAL_Driver/stm32l0xx_hal_pwr_ex.o
 .debug_frame   0x0000000000000000       0x88 Drivers/STM32L0xx_HAL_Driver/stm32l0xx_hal_pwr_ex.o
 .ARM.attributes
                0x0000000000000000       0x32 Drivers/STM32L0xx_HAL_Driver/stm32l0xx_hal_pwr_ex.o
 .text          0x0000000000000000        0x0 Drivers/STM32L0xx_HAL_Driver/stm32l0xx_hal_rcc.o
 .data          0x0000000000000000        0x0 Drivers/STM32L0xx_HAL_Driver/stm32l0xx_hal_rcc.o
 .bss           0x0000000000000000        0x0 Drivers/STM32L0xx_HAL_Driver/stm32l0xx_hal_rcc.o
 .text.HAL_RCC_DeInit
                0x0000000000000000       0x7c Drivers/STM32L0xx_HAL_Driver/stm32l0xx_hal_rcc.o
 .text.HAL_RCC_MCOConfig
                0x0000000000000000       0x70 Drivers/STM32L0xx_HAL_Driver/stm32l0xx_hal_rcc.o
 .text.HAL_RCC_EnableCSS
                0x0000000000000000       0x14 Drivers/STM32L0xx_HAL_Driver/stm32l0xx_hal_rcc.o
 .text.HAL_RCC_GetPCLK1Freq
                0x0000000000000000       0x20 Drivers/STM32L0xx_HAL_Driver/stm32l0xx_hal_rcc.o
 .text.HAL_RCC_GetPCLK2Freq
                0x0000000000000000       0x20 Drivers/STM32L0xx_HAL_Driver/stm32l0xx_hal_rcc.o
 .text.HAL_RCC_GetOscConfig
                0x0000000000000000       0xb0 Drivers/STM32L0xx_HAL_Driver/stm32l0xx_hal_rcc.o
 .text.HAL_RCC_GetClockConfig
                0x0000000000000000       0x40 Drivers/STM32L0xx_HAL_Driver/stm32l0xx_hal_rcc.o
 .text.HAL_RCC_CSSCallback
                0x0000000000000000        0x2 Drivers/STM32L0xx_HAL_Driver/stm32l0xx_hal_rcc.o
 .text.HAL_RCC_NMI_IRQHandler
                0x0000000000000000       0x1c Drivers/STM32L0xx_HAL_Driver/stm32l0xx_hal_rcc.o
 .text          0x0000000000000000        0x0 Drivers/STM32L0xx_HAL_Driver/stm32l0xx_hal_rcc_ex.o
 .data          0x0000000000000000        0x0 Drivers/STM32L0xx_HAL_Driver/stm32l0xx_hal_rcc_ex.o
 .bss           0x0000000000000000        0x0 Drivers/STM32L0xx_HAL_Driver/stm32l0xx_hal_rcc_ex.o
 .text.HAL_RCCEx_PeriphCLKConfig
                0x0000000000000000      0x1bc Drivers/STM32L0xx_HAL_Driver/stm32l0xx_hal_rcc_ex.o
 .text.HAL_RCCEx_GetPeriphCLKConfig
                0x0000000000000000       0x74 Drivers/STM32L0xx_HAL_Driver/stm32l0xx_hal_rcc_ex.o
 .text.HAL_RCCEx_GetPeriphCLKFreq
                0x0000000000000000      0x1d0 Drivers/STM32L0xx_HAL_Driver/stm32l0xx_hal_rcc_ex.o
 .text.HAL_RCCEx_EnableLSECSS
                0x0000000000000000       0x14 Drivers/STM32L0xx_HAL_Driver/stm32l0xx_hal_rcc_ex.o
 .text.HAL_RCCEx_DisableLSECSS
                0x0000000000000000       0x1c Drivers/STM32L0xx_HAL_Driver/stm32l0xx_hal_rcc_ex.o
 .text.HAL_RCCEx_EnableLSECSS_IT
                0x0000000000000000       0x30 Drivers/STM32L0xx_HAL_Driver/stm32l0xx_hal_rcc_ex.o
 .text.HAL_RCCEx_LSECSS_Callback
                0x0000000000000000        0x2 Drivers/STM32L0xx_HAL_Driver/stm32l0xx_hal_rcc_ex.o
 .text.HAL_RCCEx_LSECSS_IRQHandler
                0x0000000000000000       0x18 Drivers/STM32L0xx_HAL_Driver/stm32l0xx_hal_rcc_ex.o
 .text.HAL_RCCEx_EnableHSI48_VREFINT
                0x0000000000000000       0x14 Drivers/STM32L0xx_HAL_Driver/stm32l0xx_hal_rcc_ex.o
 .text.HAL_RCCEx_DisableHSI48_VREFINT
                0x0000000000000000       0x14 Drivers/STM32L0xx_HAL_Driver/stm32l0xx_hal_rcc_ex.o
 .text.HAL_RCCEx_CRSConfig
                0x0000000000000000       0x54 Drivers/STM32L0xx_HAL_Driver/stm32l0xx_hal_rcc_ex.o
 .text.HAL_RCCEx_CRSSoftwareSynchronizationGenerate
                0x0000000000000000       0x10 Drivers/STM32L0xx_HAL_Driver/stm32l0xx_hal_rcc_ex.o
 .text.HAL_RCCEx_CRSGetSynchronizationInfo
                0x0000000000000000       0x28 Drivers/STM32L0xx_HAL_Driver/stm32l0xx_hal_rcc_ex.o
 .text.HAL_RCCEx_CRSWaitSynchronization
                0x0000000000000000       0x7c Drivers/STM32L0xx_HAL_Driver/stm32l0xx_hal_rcc_ex.o
 .text.HAL_RCCEx_CRS_SyncOkCallback
                0x0000000000000000        0x2 Drivers/STM32L0xx_HAL_Driver/stm32l0xx_hal_rcc_ex.o
 .text.HAL_RCCEx_CRS_SyncWarnCallback
                0x0000000000000000        0x2 Drivers/STM32L0xx_HAL_Driver/stm32l0xx_hal_rcc_ex.o
 .text.HAL_RCCEx_CRS_ExpectedSyncCallback
                0x0000000000000000        0x2 Drivers/STM32L0xx_HAL_Driver/stm32l0xx_hal_rcc_ex.o
 .text.HAL_RCCEx_CRS_ErrorCallback
                0x0000000000000000        0x2 Drivers/STM32L0xx_HAL_Driver/stm32l0xx_hal_rcc_ex.o
 .text.HAL_RCCEx_CRS_IRQHandler
                0x0000000000000000       0x70 Drivers/STM32L0xx_HAL_Driver/stm32l0xx_hal_rcc_ex.o
 .debug_info    0x0000000000000000     0x10d0 Drivers/STM32L0xx_HAL_Driver/stm32l0xx_hal_rcc_ex.o
 .debug_abbrev  0x0000000000000000      0x2b2 Drivers/STM32L0xx_HAL_Driver/stm32l0xx_hal_rcc_ex.o
 .debug_loc     0x0000000000000000      0x6e6 Drivers/STM32L0xx_HAL_Driver/stm32l0xx_hal_rcc_ex.o
 .debug_aranges
                0x0000000000000000       0x98 Drivers/STM32L0xx_HAL_Driver/stm32l0xx_hal_rcc_ex.o
 .debug_ranges  0x0000000000000000       0xa8 Drivers/STM32L0xx_HAL_Driver/stm32l0xx_hal_rcc_ex.o
 .debug_line    0x0000000000000000      0x609 Drivers/STM32L0xx_HAL_Driver/stm32l0xx_hal_rcc_ex.o
 .debug_str     0x0000000000000000      0xc2b Drivers/STM32L0xx_HAL_Driver/stm32l0xx_hal_rcc_ex.o
 .comment       0x0000000000000000       0x7d Drivers/STM32L0xx_HAL_Driver/stm32l0xx_hal_rcc_ex.o
 .debug_frame   0x0000000000000000      0x18c Drivers/STM32L0xx_HAL_Driver/stm32l0xx_hal_rcc_ex.o
 .ARM.attributes
                0x0000000000000000       0x32 Drivers/STM32L0xx_HAL_Driver/stm32l0xx_hal_rcc_ex.o
 .text          0x0000000000000000        0x0 Drivers/STM32L0xx_HAL_Driver/stm32l0xx_hal_tim.o
 .data          0x0000000000000000        0x0 Drivers/STM32L0xx_HAL_Driver/stm32l0xx_hal_tim.o
 .bss           0x0000000000000000        0x0 Drivers/STM32L0xx_HAL_Driver/stm32l0xx_hal_tim.o
 .debug_info    0x0000000000000000      0x920 Drivers/STM32L0xx_HAL_Driver/stm32l0xx_hal_tim.o
 .debug_abbrev  0x0000000000000000      0x155 Drivers/STM32L0xx_HAL_Driver/stm32l0xx_hal_tim.o
 .debug_aranges
                0x0000000000000000       0x18 Drivers/STM32L0xx_HAL_Driver/stm32l0xx_hal_tim.o
 .debug_line    0x0000000000000000      0x1c1 Drivers/STM32L0xx_HAL_Driver/stm32l0xx_hal_tim.o
 .debug_str     0x0000000000000000      0x64e Drivers/STM32L0xx_HAL_Driver/stm32l0xx_hal_tim.o
 .comment       0x0000000000000000       0x7d Drivers/STM32L0xx_HAL_Driver/stm32l0xx_hal_tim.o
 .ARM.attributes
                0x0000000000000000       0x32 Drivers/STM32L0xx_HAL_Driver/stm32l0xx_hal_tim.o
 .text          0x0000000000000000        0x0 Drivers/STM32L0xx_HAL_Driver/stm32l0xx_hal_tim_ex.o
 .data          0x0000000000000000        0x0 Drivers/STM32L0xx_HAL_Driver/stm32l0xx_hal_tim_ex.o
 .bss           0x0000000000000000        0x0 Drivers/STM32L0xx_HAL_Driver/stm32l0xx_hal_tim_ex.o
 .debug_info    0x0000000000000000      0x920 Drivers/STM32L0xx_HAL_Driver/stm32l0xx_hal_tim_ex.o
 .debug_abbrev  0x0000000000000000      0x155 Drivers/STM32L0xx_HAL_Driver/stm32l0xx_hal_tim_ex.o
 .debug_aranges
                0x0000000000000000       0x18 Drivers/STM32L0xx_HAL_Driver/stm32l0xx_hal_tim_ex.o
 .debug_line    0x0000000000000000      0x1c1 Drivers/STM32L0xx_HAL_Driver/stm32l0xx_hal_tim_ex.o
 .debug_str     0x0000000000000000      0x651 Drivers/STM32L0xx_HAL_Driver/stm32l0xx_hal_tim_ex.o
 .comment       0x0000000000000000       0x7d Drivers/STM32L0xx_HAL_Driver/stm32l0xx_hal_tim_ex.o
 .ARM.attributes
                0x0000000000000000       0x32 Drivers/STM32L0xx_HAL_Driver/stm32l0xx_hal_tim_ex.o
 .text          0x0000000000000000        0x0 /opt/Atollic_TrueSTUDIO_for_STM32_x86_64_9.0.1/ARMTools/bin/../lib/gcc/arm-atollic-eabi/6.3.1/../../../../arm-atollic-eabi/lib/armv6-m/libc_nano.a(lib_a-init.o)
 .data          0x0000000000000000        0x0 /opt/Atollic_TrueSTUDIO_for_STM32_x86_64_9.0.1/ARMTools/bin/../lib/gcc/arm-atollic-eabi/6.3.1/../../../../arm-atollic-eabi/lib/armv6-m/libc_nano.a(lib_a-init.o)
 .bss           0x0000000000000000        0x0 /opt/Atollic_TrueSTUDIO_for_STM32_x86_64_9.0.1/ARMTools/bin/../lib/gcc/arm-atollic-eabi/6.3.1/../../../../arm-atollic-eabi/lib/armv6-m/libc_nano.a(lib_a-init.o)
 .text          0x0000000000000000        0x0 /opt/Atollic_TrueSTUDIO_for_STM32_x86_64_9.0.1/ARMTools/bin/../lib/gcc/arm-atollic-eabi/6.3.1/../../../../arm-atollic-eabi/lib/armv6-m/libc_nano.a(lib_a-memset.o)
 .data          0x0000000000000000        0x0 /opt/Atollic_TrueSTUDIO_for_STM32_x86_64_9.0.1/ARMTools/bin/../lib/gcc/arm-atollic-eabi/6.3.1/../../../../arm-atollic-eabi/lib/armv6-m/libc_nano.a(lib_a-memset.o)
 .bss           0x0000000000000000        0x0 /opt/Atollic_TrueSTUDIO_for_STM32_x86_64_9.0.1/ARMTools/bin/../lib/gcc/arm-atollic-eabi/6.3.1/../../../../arm-atollic-eabi/lib/armv6-m/libc_nano.a(lib_a-memset.o)
 .text.memset   0x0000000000000000       0x10 /opt/Atollic_TrueSTUDIO_for_STM32_x86_64_9.0.1/ARMTools/bin/../lib/gcc/arm-atollic-eabi/6.3.1/../../../../arm-atollic-eabi/lib/armv6-m/libc_nano.a(lib_a-memset.o)
 .debug_frame   0x0000000000000000       0x20 /opt/Atollic_TrueSTUDIO_for_STM32_x86_64_9.0.1/ARMTools/bin/../lib/gcc/arm-atollic-eabi/6.3.1/../../../../arm-atollic-eabi/lib/armv6-m/libc_nano.a(lib_a-memset.o)
 .ARM.attributes
                0x0000000000000000       0x2c /opt/Atollic_TrueSTUDIO_for_STM32_x86_64_9.0.1/ARMTools/bin/../lib/gcc/arm-atollic-eabi/6.3.1/../../../../arm-atollic-eabi/lib/armv6-m/libc_nano.a(lib_a-memset.o)
 .text          0x0000000000000000       0x14 /opt/Atollic_TrueSTUDIO_for_STM32_x86_64_9.0.1/ARMTools/bin/../lib/gcc/arm-atollic-eabi/6.3.1/armv6-m/libgcc.a(_thumb1_case_uqi.o)
 .data          0x0000000000000000        0x0 /opt/Atollic_TrueSTUDIO_for_STM32_x86_64_9.0.1/ARMTools/bin/../lib/gcc/arm-atollic-eabi/6.3.1/armv6-m/libgcc.a(_thumb1_case_uqi.o)
 .bss           0x0000000000000000        0x0 /opt/Atollic_TrueSTUDIO_for_STM32_x86_64_9.0.1/ARMTools/bin/../lib/gcc/arm-atollic-eabi/6.3.1/armv6-m/libgcc.a(_thumb1_case_uqi.o)
 .ARM.attributes
                0x0000000000000000       0x1e /opt/Atollic_TrueSTUDIO_for_STM32_x86_64_9.0.1/ARMTools/bin/../lib/gcc/arm-atollic-eabi/6.3.1/armv6-m/libgcc.a(_thumb1_case_uqi.o)
 .data          0x0000000000000000        0x0 /opt/Atollic_TrueSTUDIO_for_STM32_x86_64_9.0.1/ARMTools/bin/../lib/gcc/arm-atollic-eabi/6.3.1/armv6-m/libgcc.a(_udivsi3.o)
 .bss           0x0000000000000000        0x0 /opt/Atollic_TrueSTUDIO_for_STM32_x86_64_9.0.1/ARMTools/bin/../lib/gcc/arm-atollic-eabi/6.3.1/armv6-m/libgcc.a(_udivsi3.o)
 .data          0x0000000000000000        0x0 /opt/Atollic_TrueSTUDIO_for_STM32_x86_64_9.0.1/ARMTools/bin/../lib/gcc/arm-atollic-eabi/6.3.1/armv6-m/libgcc.a(_dvmd_tls.o)
 .bss           0x0000000000000000        0x0 /opt/Atollic_TrueSTUDIO_for_STM32_x86_64_9.0.1/ARMTools/bin/../lib/gcc/arm-atollic-eabi/6.3.1/armv6-m/libgcc.a(_dvmd_tls.o)
 .text          0x0000000000000000        0x0 /opt/Atollic_TrueSTUDIO_for_STM32_x86_64_9.0.1/ARMTools/bin/../lib/gcc/arm-atollic-eabi/6.3.1/armv6-m/crtend.o
 .data          0x0000000000000000        0x0 /opt/Atollic_TrueSTUDIO_for_STM32_x86_64_9.0.1/ARMTools/bin/../lib/gcc/arm-atollic-eabi/6.3.1/armv6-m/crtend.o
 .bss           0x0000000000000000        0x0 /opt/Atollic_TrueSTUDIO_for_STM32_x86_64_9.0.1/ARMTools/bin/../lib/gcc/arm-atollic-eabi/6.3.1/armv6-m/crtend.o
 .eh_frame      0x0000000000000000        0x4 /opt/Atollic_TrueSTUDIO_for_STM32_x86_64_9.0.1/ARMTools/bin/../lib/gcc/arm-atollic-eabi/6.3.1/armv6-m/crtend.o
 .ARM.attributes
                0x0000000000000000       0x2c /opt/Atollic_TrueSTUDIO_for_STM32_x86_64_9.0.1/ARMTools/bin/../lib/gcc/arm-atollic-eabi/6.3.1/armv6-m/crtend.o
 .text          0x0000000000000000        0x0 /opt/Atollic_TrueSTUDIO_for_STM32_x86_64_9.0.1/ARMTools/bin/../lib/gcc/arm-atollic-eabi/6.3.1/armv6-m/crtn.o
 .data          0x0000000000000000        0x0 /opt/Atollic_TrueSTUDIO_for_STM32_x86_64_9.0.1/ARMTools/bin/../lib/gcc/arm-atollic-eabi/6.3.1/armv6-m/crtn.o
 .bss           0x0000000000000000        0x0 /opt/Atollic_TrueSTUDIO_for_STM32_x86_64_9.0.1/ARMTools/bin/../lib/gcc/arm-atollic-eabi/6.3.1/armv6-m/crtn.o

Memory Configuration

Name             Origin             Length             Attributes
RAM              0x0000000020000000 0x0000000000002000 xrw
FLASH            0x0000000008000000 0x0000000000010000 xr
*default*        0x0000000000000000 0xffffffffffffffff

Linker script and memory map

LOAD /opt/Atollic_TrueSTUDIO_for_STM32_x86_64_9.0.1/ARMTools/bin/../lib/gcc/arm-atollic-eabi/6.3.1/armv6-m/crti.o
LOAD /opt/Atollic_TrueSTUDIO_for_STM32_x86_64_9.0.1/ARMTools/bin/../lib/gcc/arm-atollic-eabi/6.3.1/armv6-m/crtbegin.o
LOAD Application/TrueSTUDIO/startup_stm32l053xx.o
LOAD Application/User/main.o
LOAD Application/User/stm32l0xx_hal_msp.o
LOAD Application/User/stm32l0xx_it.o
LOAD Drivers/CMSIS/system_stm32l0xx.o
LOAD Drivers/STM32L0xx_HAL_Driver/stm32l0xx_hal.o
LOAD Drivers/STM32L0xx_HAL_Driver/stm32l0xx_hal_cortex.o
LOAD Drivers/STM32L0xx_HAL_Driver/stm32l0xx_hal_dma.o
LOAD Drivers/STM32L0xx_HAL_Driver/stm32l0xx_hal_flash.o
LOAD Drivers/STM32L0xx_HAL_Driver/stm32l0xx_hal_flash_ex.o
LOAD Drivers/STM32L0xx_HAL_Driver/stm32l0xx_hal_flash_ramfunc.o
LOAD Drivers/STM32L0xx_HAL_Driver/stm32l0xx_hal_gpio.o
LOAD Drivers/STM32L0xx_HAL_Driver/stm32l0xx_hal_i2c.o
LOAD Drivers/STM32L0xx_HAL_Driver/stm32l0xx_hal_i2c_ex.o
LOAD Drivers/STM32L0xx_HAL_Driver/stm32l0xx_hal_pwr.o
LOAD Drivers/STM32L0xx_HAL_Driver/stm32l0xx_hal_pwr_ex.o
LOAD Drivers/STM32L0xx_HAL_Driver/stm32l0xx_hal_rcc.o
LOAD Drivers/STM32L0xx_HAL_Driver/stm32l0xx_hal_rcc_ex.o
LOAD Drivers/STM32L0xx_HAL_Driver/stm32l0xx_hal_tim.o
LOAD Drivers/STM32L0xx_HAL_Driver/stm32l0xx_hal_tim_ex.o
                0x0000000000000080                malloc_getpagesize_P = 0x80
START GROUP
LOAD /opt/Atollic_TrueSTUDIO_for_STM32_x86_64_9.0.1/ARMTools/bin/../lib/gcc/arm-atollic-eabi/6.3.1/../../../../arm-atollic-eabi/lib/armv6-m/libc_nano.a
LOAD /opt/Atollic_TrueSTUDIO_for_STM32_x86_64_9.0.1/ARMTools/bin/../lib/gcc/arm-atollic-eabi/6.3.1/../../../../arm-atollic-eabi/lib/armv6-m/libm.a
END GROUP
START GROUP
LOAD /opt/Atollic_TrueSTUDIO_for_STM32_x86_64_9.0.1/ARMTools/bin/../lib/gcc/arm-atollic-eabi/6.3.1/armv6-m/libgcc.a
LOAD /opt/Atollic_TrueSTUDIO_for_STM32_x86_64_9.0.1/ARMTools/bin/../lib/gcc/arm-atollic-eabi/6.3.1/../../../../arm-atollic-eabi/lib/armv6-m/libc_nano.a
END GROUP
START GROUP
LOAD /opt/Atollic_TrueSTUDIO_for_STM32_x86_64_9.0.1/ARMTools/bin/../lib/gcc/arm-atollic-eabi/6.3.1/armv6-m/libgcc.a
LOAD /opt/Atollic_TrueSTUDIO_for_STM32_x86_64_9.0.1/ARMTools/bin/../lib/gcc/arm-atollic-eabi/6.3.1/../../../../arm-atollic-eabi/lib/armv6-m/libc_nano.a
LOAD /opt/Atollic_TrueSTUDIO_for_STM32_x86_64_9.0.1/ARMTools/bin/../lib/gcc/arm-atollic-eabi/6.3.1/../../../../arm-atollic-eabi/lib/armv6-m/libnosys.a
END GROUP
START GROUP
LOAD /opt/Atollic_TrueSTUDIO_for_STM32_x86_64_9.0.1/ARMTools/bin/../lib/gcc/arm-atollic-eabi/6.3.1/armv6-m/libgcc.a
LOAD /opt/Atollic_TrueSTUDIO_for_STM32_x86_64_9.0.1/ARMTools/bin/../lib/gcc/arm-atollic-eabi/6.3.1/../../../../arm-atollic-eabi/lib/armv6-m/libc_nano.a
LOAD /opt/Atollic_TrueSTUDIO_for_STM32_x86_64_9.0.1/ARMTools/bin/../lib/gcc/arm-atollic-eabi/6.3.1/../../../../arm-atollic-eabi/lib/armv6-m/libnosys.a
END GROUP
LOAD /opt/Atollic_TrueSTUDIO_for_STM32_x86_64_9.0.1/ARMTools/bin/../lib/gcc/arm-atollic-eabi/6.3.1/armv6-m/crtend.o
LOAD /opt/Atollic_TrueSTUDIO_for_STM32_x86_64_9.0.1/ARMTools/bin/../lib/gcc/arm-atollic-eabi/6.3.1/armv6-m/crtn.o
                0x0000000020002000                _estack = 0x20002000
                0x0000000000000200                _Min_Heap_Size = 0x200
                0x0000000000000400                _Min_Stack_Size = 0x400

.isr_vector     0x0000000008000000       0xc0
                0x0000000008000000                . = ALIGN (0x4)
 *(.isr_vector)
 .isr_vector    0x0000000008000000       0xc0 Application/TrueSTUDIO/startup_stm32l053xx.o
                0x0000000008000000                g_pfnVectors
                0x00000000080000c0                . = ALIGN (0x4)

.text           0x00000000080000c0      0xe54
                0x00000000080000c0                . = ALIGN (0x4)
 *(.text)
 .text          0x00000000080000c0       0x48 /opt/Atollic_TrueSTUDIO_for_STM32_x86_64_9.0.1/ARMTools/bin/../lib/gcc/arm-atollic-eabi/6.3.1/armv6-m/crtbegin.o
 .text          0x0000000008000108      0x114 /opt/Atollic_TrueSTUDIO_for_STM32_x86_64_9.0.1/ARMTools/bin/../lib/gcc/arm-atollic-eabi/6.3.1/armv6-m/libgcc.a(_udivsi3.o)
                0x0000000008000108                __udivsi3
                0x0000000008000108                __aeabi_uidiv
                0x0000000008000214                __aeabi_uidivmod
 .text          0x000000000800021c        0x4 /opt/Atollic_TrueSTUDIO_for_STM32_x86_64_9.0.1/ARMTools/bin/../lib/gcc/arm-atollic-eabi/6.3.1/armv6-m/libgcc.a(_dvmd_tls.o)
                0x000000000800021c                __aeabi_ldiv0
                0x000000000800021c                __aeabi_idiv0
 *(.text*)
 .text.Reset_Handler
                0x0000000008000220       0x50 Application/TrueSTUDIO/startup_stm32l053xx.o
                0x0000000008000220                Reset_Handler
 .text.Default_Handler
                0x0000000008000270        0x2 Application/TrueSTUDIO/startup_stm32l053xx.o
                0x0000000008000270                TSC_IRQHandler
                0x0000000008000270                ADC1_COMP_IRQHandler
                0x0000000008000270                PVD_IRQHandler
                0x0000000008000270                I2C1_IRQHandler
                0x0000000008000270                RCC_CRS_IRQHandler
                0x0000000008000270                SPI1_IRQHandler
                0x0000000008000270                TIM6_DAC_IRQHandler
                0x0000000008000270                EXTI2_3_IRQHandler
                0x0000000008000270                I2C2_IRQHandler
                0x0000000008000270                RTC_IRQHandler
                0x0000000008000270                LCD_IRQHandler
                0x0000000008000270                DMA1_Channel4_5_6_7_IRQHandler
                0x0000000008000270                EXTI4_15_IRQHandler
                0x0000000008000270                DMA1_Channel1_IRQHandler
                0x0000000008000270                Default_Handler
                0x0000000008000270                TIM22_IRQHandler
                0x0000000008000270                EXTI0_1_IRQHandler
                0x0000000008000270                USB_IRQHandler
                0x0000000008000270                SPI2_IRQHandler
                0x0000000008000270                TIM21_IRQHandler
                0x0000000008000270                WWDG_IRQHandler
                0x0000000008000270                TIM2_IRQHandler
                0x0000000008000270                DMA1_Channel2_3_IRQHandler
                0x0000000008000270                USART2_IRQHandler
                0x0000000008000270                FLASH_IRQHandler
                0x0000000008000270                USART1_IRQHandler
                0x0000000008000270                RNG_LPUART1_IRQHandler
                0x0000000008000270                LPTIM1_IRQHandler
 *fill*         0x0000000008000272        0x2 
 .text.SystemClock_Config
                0x0000000008000274       0x7c Application/User/main.o
                0x0000000008000274                SystemClock_Config
 .text.startup.main
                0x00000000080002f0      0x110 Application/User/main.o
                0x00000000080002f0                main
 .text.HAL_MspInit
                0x0000000008000400       0x40 Application/User/stm32l0xx_hal_msp.o
                0x0000000008000400                HAL_MspInit
 .text.NMI_Handler
                0x0000000008000440        0x2 Application/User/stm32l0xx_it.o
                0x0000000008000440                NMI_Handler
 .text.HardFault_Handler
                0x0000000008000442        0x2 Application/User/stm32l0xx_it.o
                0x0000000008000442                HardFault_Handler
 .text.SVC_Handler
                0x0000000008000444        0x2 Application/User/stm32l0xx_it.o
                0x0000000008000444                SVC_Handler
 .text.PendSV_Handler
                0x0000000008000446        0x2 Application/User/stm32l0xx_it.o
                0x0000000008000446                PendSV_Handler
 .text.SysTick_Handler
                0x0000000008000448        0xc Application/User/stm32l0xx_it.o
                0x0000000008000448                SysTick_Handler
 .text.SystemInit
                0x0000000008000454       0x5c Drivers/CMSIS/system_stm32l0xx.o
                0x0000000008000454                SystemInit
 .text.HAL_InitTick
                0x00000000080004b0       0x28 Drivers/STM32L0xx_HAL_Driver/stm32l0xx_hal.o
                0x00000000080004b0                HAL_InitTick
 .text.HAL_Init
                0x00000000080004d8       0x20 Drivers/STM32L0xx_HAL_Driver/stm32l0xx_hal.o
                0x00000000080004d8                HAL_Init
 .text.HAL_IncTick
                0x00000000080004f8       0x10 Drivers/STM32L0xx_HAL_Driver/stm32l0xx_hal.o
                0x00000000080004f8                HAL_IncTick
 .text.HAL_GetTick
                0x0000000008000508        0xc Drivers/STM32L0xx_HAL_Driver/stm32l0xx_hal.o
                0x0000000008000508                HAL_GetTick
 .text.HAL_Delay
                0x0000000008000514       0x18 Drivers/STM32L0xx_HAL_Driver/stm32l0xx_hal.o
                0x0000000008000514                HAL_Delay
 .text.HAL_NVIC_SetPriority
                0x000000000800052c       0x60 Drivers/STM32L0xx_HAL_Driver/stm32l0xx_hal_cortex.o
                0x000000000800052c                HAL_NVIC_SetPriority
 .text.HAL_SYSTICK_Config
                0x000000000800058c       0x34 Drivers/STM32L0xx_HAL_Driver/stm32l0xx_hal_cortex.o
                0x000000000800058c                HAL_SYSTICK_Config
 .text.HAL_SYSTICK_CLKSourceConfig
                0x00000000080005c0       0x1c Drivers/STM32L0xx_HAL_Driver/stm32l0xx_hal_cortex.o
                0x00000000080005c0                HAL_SYSTICK_CLKSourceConfig
 .text.HAL_SYSTICK_Callback
                0x00000000080005dc        0x2 Drivers/STM32L0xx_HAL_Driver/stm32l0xx_hal_cortex.o
                0x00000000080005dc                HAL_SYSTICK_Callback
 .text.HAL_SYSTICK_IRQHandler
                0x00000000080005de        0x8 Drivers/STM32L0xx_HAL_Driver/stm32l0xx_hal_cortex.o
                0x00000000080005de                HAL_SYSTICK_IRQHandler
 *fill*         0x00000000080005e6        0x2 
 .text.HAL_GPIO_Init
                0x00000000080005e8      0x16c Drivers/STM32L0xx_HAL_Driver/stm32l0xx_hal_gpio.o
                0x00000000080005e8                HAL_GPIO_Init
 .text.HAL_GPIO_ReadPin
                0x0000000008000754        0xc Drivers/STM32L0xx_HAL_Driver/stm32l0xx_hal_gpio.o
                0x0000000008000754                HAL_GPIO_ReadPin
 .text.HAL_GPIO_WritePin
                0x0000000008000760        0xc Drivers/STM32L0xx_HAL_Driver/stm32l0xx_hal_gpio.o
                0x0000000008000760                HAL_GPIO_WritePin
 .text.RCC_SetFlashLatencyFromMSIRange
                0x000000000800076c       0x74 Drivers/STM32L0xx_HAL_Driver/stm32l0xx_hal_rcc.o
 .text.HAL_RCC_OscConfig
                0x00000000080007e0      0x4e0 Drivers/STM32L0xx_HAL_Driver/stm32l0xx_hal_rcc.o
                0x00000000080007e0                HAL_RCC_OscConfig
 .text.HAL_RCC_GetSysClockFreq
                0x0000000008000cc0       0x78 Drivers/STM32L0xx_HAL_Driver/stm32l0xx_hal_rcc.o
                0x0000000008000cc0                HAL_RCC_GetSysClockFreq
 .text.HAL_RCC_ClockConfig
                0x0000000008000d38      0x170 Drivers/STM32L0xx_HAL_Driver/stm32l0xx_hal_rcc.o
                0x0000000008000d38                HAL_RCC_ClockConfig
 .text.HAL_RCC_GetHCLKFreq
                0x0000000008000ea8        0xc Drivers/STM32L0xx_HAL_Driver/stm32l0xx_hal_rcc.o
                0x0000000008000ea8                HAL_RCC_GetHCLKFreq
 .text.__libc_init_array
                0x0000000008000eb4       0x48 /opt/Atollic_TrueSTUDIO_for_STM32_x86_64_9.0.1/ARMTools/bin/../lib/gcc/arm-atollic-eabi/6.3.1/../../../../arm-atollic-eabi/lib/armv6-m/libc_nano.a(lib_a-init.o)
                0x0000000008000eb4                __libc_init_array
 *(.glue_7)
 .glue_7        0x0000000008000efc        0x0 linker stubs
 *(.glue_7t)
 .glue_7t       0x0000000008000efc        0x0 linker stubs
 *(.eh_frame)
 .eh_frame      0x0000000008000efc        0x0 /opt/Atollic_TrueSTUDIO_for_STM32_x86_64_9.0.1/ARMTools/bin/../lib/gcc/arm-atollic-eabi/6.3.1/armv6-m/crtbegin.o
 *(.init)
 .init          0x0000000008000efc        0x4 /opt/Atollic_TrueSTUDIO_for_STM32_x86_64_9.0.1/ARMTools/bin/../lib/gcc/arm-atollic-eabi/6.3.1/armv6-m/crti.o
                0x0000000008000efc                _init
 .init          0x0000000008000f00        0x8 /opt/Atollic_TrueSTUDIO_for_STM32_x86_64_9.0.1/ARMTools/bin/../lib/gcc/arm-atollic-eabi/6.3.1/armv6-m/crtn.o
 *(.fini)
 .fini          0x0000000008000f08        0x4 /opt/Atollic_TrueSTUDIO_for_STM32_x86_64_9.0.1/ARMTools/bin/../lib/gcc/arm-atollic-eabi/6.3.1/armv6-m/crti.o
                0x0000000008000f08                _fini
 .fini          0x0000000008000f0c        0x8 /opt/Atollic_TrueSTUDIO_for_STM32_x86_64_9.0.1/ARMTools/bin/../lib/gcc/arm-atollic-eabi/6.3.1/armv6-m/crtn.o
                0x0000000008000f14                . = ALIGN (0x4)
                0x0000000008000f14                _etext = .

.vfp11_veneer   0x0000000008000f14        0x0
 .vfp11_veneer  0x0000000008000f14        0x0 linker stubs

.v4_bx          0x0000000008000f14        0x0
 .v4_bx         0x0000000008000f14        0x0 linker stubs

.iplt           0x0000000008000f14        0x0
 .iplt          0x0000000008000f14        0x0 /opt/Atollic_TrueSTUDIO_for_STM32_x86_64_9.0.1/ARMTools/bin/../lib/gcc/arm-atollic-eabi/6.3.1/armv6-m/crtbegin.o

.rodata         0x0000000008000f14       0x1c
                0x0000000008000f14                . = ALIGN (0x4)
 *(.rodata)
 *(.rodata*)
 .rodata.AHBPrescTable
                0x0000000008000f14       0x10 Drivers/CMSIS/system_stm32l0xx.o
                0x0000000008000f14                AHBPrescTable
 .rodata.PLLMulTable
                0x0000000008000f24        0x9 Drivers/CMSIS/system_stm32l0xx.o
                0x0000000008000f24                PLLMulTable
                0x0000000008000f30                . = ALIGN (0x4)
 *fill*         0x0000000008000f2d        0x3 

.rel.dyn        0x0000000008000f30        0x0
 .rel.iplt      0x0000000008000f30        0x0 /opt/Atollic_TrueSTUDIO_for_STM32_x86_64_9.0.1/ARMTools/bin/../lib/gcc/arm-atollic-eabi/6.3.1/armv6-m/crtbegin.o

.ARM.extab
 *(.ARM.extab* .gnu.linkonce.armextab.*)

.ARM            0x0000000008000f30        0x0
                0x0000000008000f30                __exidx_start = .
 *(.ARM.exidx*)
                0x0000000008000f30                __exidx_end = .

.preinit_array  0x0000000008000f30        0x0
                0x0000000008000f30                PROVIDE (__preinit_array_start, .)
 *(.preinit_array*)
                0x0000000008000f30                PROVIDE (__preinit_array_end, .)

.init_array     0x0000000008000f30        0x4
                0x0000000008000f30                PROVIDE (__init_array_start, .)
 *(SORT(.init_array.*))
 *(.init_array*)
 .init_array    0x0000000008000f30        0x4 /opt/Atollic_TrueSTUDIO_for_STM32_x86_64_9.0.1/ARMTools/bin/../lib/gcc/arm-atollic-eabi/6.3.1/armv6-m/crtbegin.o
                0x0000000008000f34                PROVIDE (__init_array_end, .)

.fini_array     0x0000000008000f34        0x4
                [!provide]                        PROVIDE (__fini_array_start, .)
 *(SORT(.fini_array.*))
 *(.fini_array*)
 .fini_array    0x0000000008000f34        0x4 /opt/Atollic_TrueSTUDIO_for_STM32_x86_64_9.0.1/ARMTools/bin/../lib/gcc/arm-atollic-eabi/6.3.1/armv6-m/crtbegin.o
                [!provide]                        PROVIDE (__fini_array_end, .)
                0x0000000008000f38                _sidata = LOADADDR (.data)

.data           0x0000000020000000        0x4 load address 0x0000000008000f38
                0x0000000020000000                . = ALIGN (0x4)
                0x0000000020000000                _sdata = .
 *(.data)
 *(.data*)
 .data.SystemCoreClock
                0x0000000020000000        0x4 Drivers/CMSIS/system_stm32l0xx.o
                0x0000000020000000                SystemCoreClock
                0x0000000020000004                . = ALIGN (0x4)
                0x0000000020000004                _edata = .

.igot.plt       0x0000000020000004        0x0 load address 0x0000000008000f3c
 .igot.plt      0x0000000020000004        0x0 /opt/Atollic_TrueSTUDIO_for_STM32_x86_64_9.0.1/ARMTools/bin/../lib/gcc/arm-atollic-eabi/6.3.1/armv6-m/crtbegin.o
                0x0000000020000004                . = ALIGN (0x4)

.bss            0x0000000020000004       0x20 load address 0x0000000008000f3c
                0x0000000020000004                _sbss = .
                0x0000000020000004                __bss_start__ = _sbss
 *(.bss)
 .bss           0x0000000020000004       0x1c /opt/Atollic_TrueSTUDIO_for_STM32_x86_64_9.0.1/ARMTools/bin/../lib/gcc/arm-atollic-eabi/6.3.1/armv6-m/crtbegin.o
 *(.bss*)
 *(COMMON)
 COMMON         0x0000000020000020        0x4 Drivers/STM32L0xx_HAL_Driver/stm32l0xx_hal.o
                0x0000000020000020                uwTick
                0x0000000020000024                . = ALIGN (0x4)
                0x0000000020000024                _ebss = .
                0x0000000020000024                __bss_end__ = _ebss

._user_heap_stack
                0x0000000020000024      0x600 load address 0x0000000008000f3c
                0x0000000020000024                . = ALIGN (0x4)
                [!provide]                        PROVIDE (end, .)
                [!provide]                        PROVIDE (_end, .)
                0x0000000020000224                . = (. + _Min_Heap_Size)
 *fill*         0x0000000020000024      0x200 
                0x0000000020000624                . = (. + _Min_Stack_Size)
 *fill*         0x0000000020000224      0x400 
                0x0000000020000624                . = ALIGN (0x4)

/DISCARD/
 libc.a(*)
 libm.a(*)
 libgcc.a(*)

.ARM.attributes
                0x0000000000000000       0x28
 *(.ARM.attributes)
 .ARM.attributes
                0x0000000000000000       0x1e /opt/Atollic_TrueSTUDIO_for_STM32_x86_64_9.0.1/ARMTools/bin/../lib/gcc/arm-atollic-eabi/6.3.1/armv6-m/crti.o
 .ARM.attributes
                0x000000000000001e       0x2c /opt/Atollic_TrueSTUDIO_for_STM32_x86_64_9.0.1/ARMTools/bin/../lib/gcc/arm-atollic-eabi/6.3.1/armv6-m/crtbegin.o
 .ARM.attributes
                0x000000000000004a       0x22 Application/TrueSTUDIO/startup_stm32l053xx.o
 .ARM.attributes
                0x000000000000006c       0x32 Application/User/main.o
 .ARM.attributes
                0x000000000000009e       0x32 Application/User/stm32l0xx_hal_msp.o
 .ARM.attributes
                0x00000000000000d0       0x32 Application/User/stm32l0xx_it.o
 .ARM.attributes
                0x0000000000000102       0x32 Drivers/CMSIS/system_stm32l0xx.o
 .ARM.attributes
                0x0000000000000134       0x32 Drivers/STM32L0xx_HAL_Driver/stm32l0xx_hal.o
 .ARM.attributes
                0x0000000000000166       0x32 Drivers/STM32L0xx_HAL_Driver/stm32l0xx_hal_cortex.o
 .ARM.attributes
                0x0000000000000198       0x32 Drivers/STM32L0xx_HAL_Driver/stm32l0xx_hal_gpio.o
 .ARM.attributes
                0x00000000000001ca       0x32 Drivers/STM32L0xx_HAL_Driver/stm32l0xx_hal_rcc.o
 .ARM.attributes
                0x00000000000001fc       0x2c /opt/Atollic_TrueSTUDIO_for_STM32_x86_64_9.0.1/ARMTools/bin/../lib/gcc/arm-atollic-eabi/6.3.1/../../../../arm-atollic-eabi/lib/armv6-m/libc_nano.a(lib_a-init.o)
 .ARM.attributes
                0x0000000000000228       0x1e /opt/Atollic_TrueSTUDIO_for_STM32_x86_64_9.0.1/ARMTools/bin/../lib/gcc/arm-atollic-eabi/6.3.1/armv6-m/libgcc.a(_udivsi3.o)
 .ARM.attributes
                0x0000000000000246       0x1e /opt/Atollic_TrueSTUDIO_for_STM32_x86_64_9.0.1/ARMTools/bin/../lib/gcc/arm-atollic-eabi/6.3.1/armv6-m/libgcc.a(_dvmd_tls.o)
 .ARM.attributes
                0x0000000000000264       0x1e /opt/Atollic_TrueSTUDIO_for_STM32_x86_64_9.0.1/ARMTools/bin/../lib/gcc/arm-atollic-eabi/6.3.1/armv6-m/crtn.o
OUTPUT(LabB2.elf elf32-littlearm)

.debug_line     0x0000000000000000     0x1e74
 .debug_line    0x0000000000000000       0x7e Application/TrueSTUDIO/startup_stm32l053xx.o
 .debug_line    0x000000000000007e      0x333 Application/User/main.o
 .debug_line    0x00000000000003b1      0x253 Application/User/stm32l0xx_hal_msp.o
 .debug_line    0x0000000000000604      0x26c Application/User/stm32l0xx_it.o
 .debug_line    0x0000000000000870      0x277 Drivers/CMSIS/system_stm32l0xx.o
 .debug_line    0x0000000000000ae7      0x493 Drivers/STM32L0xx_HAL_Driver/stm32l0xx_hal.o
 .debug_line    0x0000000000000f7a      0x476 Drivers/STM32L0xx_HAL_Driver/stm32l0xx_hal_cortex.o
 .debug_line    0x00000000000013f0      0x42d Drivers/STM32L0xx_HAL_Driver/stm32l0xx_hal_gpio.o
 .debug_line    0x000000000000181d      0x657 Drivers/STM32L0xx_HAL_Driver/stm32l0xx_hal_rcc.o

.debug_info     0x0000000000000000     0x769b
 .debug_info    0x0000000000000000       0x90 Application/TrueSTUDIO/startup_stm32l053xx.o
 .debug_info    0x0000000000000090     0x11c1 Application/User/main.o
 .debug_info    0x0000000000001251      0xb98 Application/User/stm32l0xx_hal_msp.o
 .debug_info    0x0000000000001de9      0x99e Application/User/stm32l0xx_it.o
 .debug_info    0x0000000000002787      0xb9e Drivers/CMSIS/system_stm32l0xx.o
 .debug_info    0x0000000000003325      0xfc7 Drivers/STM32L0xx_HAL_Driver/stm32l0xx_hal.o
 .debug_info    0x00000000000042ec     0x113e Drivers/STM32L0xx_HAL_Driver/stm32l0xx_hal_cortex.o
 .debug_info    0x000000000000542a      0xede Drivers/STM32L0xx_HAL_Driver/stm32l0xx_hal_gpio.o
 .debug_info    0x0000000000006308     0x1393 Drivers/STM32L0xx_HAL_Driver/stm32l0xx_hal_rcc.o

.debug_abbrev   0x0000000000000000     0x1392
 .debug_abbrev  0x0000000000000000       0x12 Application/TrueSTUDIO/startup_stm32l053xx.o
 .debug_abbrev  0x0000000000000012      0x2a2 Application/User/main.o
 .debug_abbrev  0x00000000000002b4      0x1dd Application/User/stm32l0xx_hal_msp.o
 .debug_abbrev  0x0000000000000491      0x1d7 Application/User/stm32l0xx_it.o
 .debug_abbrev  0x0000000000000668      0x1ca Drivers/CMSIS/system_stm32l0xx.o
 .debug_abbrev  0x0000000000000832      0x2c0 Drivers/STM32L0xx_HAL_Driver/stm32l0xx_hal.o
 .debug_abbrev  0x0000000000000af2      0x319 Drivers/STM32L0xx_HAL_Driver/stm32l0xx_hal_cortex.o
 .debug_abbrev  0x0000000000000e0b      0x252 Drivers/STM32L0xx_HAL_Driver/stm32l0xx_hal_gpio.o
 .debug_abbrev  0x000000000000105d      0x335 Drivers/STM32L0xx_HAL_Driver/stm32l0xx_hal_rcc.o

.debug_aranges  0x0000000000000000      0x308
 .debug_aranges
                0x0000000000000000       0x28 Application/TrueSTUDIO/startup_stm32l053xx.o
 .debug_aranges
                0x0000000000000028       0x30 Application/User/main.o
 .debug_aranges
                0x0000000000000058       0x20 Application/User/stm32l0xx_hal_msp.o
 .debug_aranges
                0x0000000000000078       0x30 Application/User/stm32l0xx_it.o
 .debug_aranges
                0x00000000000000a8       0x28 Drivers/CMSIS/system_stm32l0xx.o
 .debug_aranges
                0x00000000000000d0       0xd8 Drivers/STM32L0xx_HAL_Driver/stm32l0xx_hal.o
 .debug_aranges
                0x00000000000001a8       0x80 Drivers/STM32L0xx_HAL_Driver/stm32l0xx_hal_cortex.o
 .debug_aranges
                0x0000000000000228       0x58 Drivers/STM32L0xx_HAL_Driver/stm32l0xx_hal_gpio.o
 .debug_aranges
                0x0000000000000280       0x88 Drivers/STM32L0xx_HAL_Driver/stm32l0xx_hal_rcc.o

.debug_ranges   0x0000000000000000      0x3f0
 .debug_ranges  0x0000000000000000       0x20 Application/TrueSTUDIO/startup_stm32l053xx.o
 .debug_ranges  0x0000000000000020       0x90 Application/User/main.o
 .debug_ranges  0x00000000000000b0       0x10 Application/User/stm32l0xx_hal_msp.o
 .debug_ranges  0x00000000000000c0       0x20 Application/User/stm32l0xx_it.o
 .debug_ranges  0x00000000000000e0       0x18 Drivers/CMSIS/system_stm32l0xx.o
 .debug_ranges  0x00000000000000f8       0xc8 Drivers/STM32L0xx_HAL_Driver/stm32l0xx_hal.o
 .debug_ranges  0x00000000000001c0      0x128 Drivers/STM32L0xx_HAL_Driver/stm32l0xx_hal_cortex.o
 .debug_ranges  0x00000000000002e8       0x48 Drivers/STM32L0xx_HAL_Driver/stm32l0xx_hal_gpio.o
 .debug_ranges  0x0000000000000330       0xc0 Drivers/STM32L0xx_HAL_Driver/stm32l0xx_hal_rcc.o

.debug_str      0x0000000000000000     0x1463
 .debug_str     0x0000000000000000      0xad2 Application/User/main.o
                                        0xb67 (size before relaxing)
 .debug_str     0x0000000000000ad2       0x2d Application/User/stm32l0xx_hal_msp.o
                                        0x881 (size before relaxing)
 .debug_str     0x0000000000000aff       0x88 Application/User/stm32l0xx_it.o
                                        0x698 (size before relaxing)
 .debug_str     0x0000000000000b87       0x91 Drivers/CMSIS/system_stm32l0xx.o
                                        0x739 (size before relaxing)
 .debug_str     0x0000000000000c18      0x329 Drivers/STM32L0xx_HAL_Driver/stm32l0xx_hal.o
                                        0xbe7 (size before relaxing)
 .debug_str     0x0000000000000f41      0x26d Drivers/STM32L0xx_HAL_Driver/stm32l0xx_hal_cortex.o
                                        0xb5f (size before relaxing)
 .debug_str     0x00000000000011ae       0xff Drivers/STM32L0xx_HAL_Driver/stm32l0xx_hal_gpio.o
                                        0x8e7 (size before relaxing)
 .debug_str     0x00000000000012ad      0x1b6 Drivers/STM32L0xx_HAL_Driver/stm32l0xx_hal_rcc.o
                                        0xb3e (size before relaxing)

.comment        0x0000000000000000       0x7c
 .comment       0x0000000000000000       0x7c Application/User/main.o
                                         0x7d (size before relaxing)
 .comment       0x000000000000007c       0x7d Application/User/stm32l0xx_hal_msp.o
 .comment       0x000000000000007c       0x7d Application/User/stm32l0xx_it.o
 .comment       0x000000000000007c       0x7d Drivers/CMSIS/system_stm32l0xx.o
 .comment       0x000000000000007c       0x7d Drivers/STM32L0xx_HAL_Driver/stm32l0xx_hal.o
 .comment       0x000000000000007c       0x7d Drivers/STM32L0xx_HAL_Driver/stm32l0xx_hal_cortex.o
 .comment       0x000000000000007c       0x7d Drivers/STM32L0xx_HAL_Driver/stm32l0xx_hal_gpio.o
 .comment       0x000000000000007c       0x7d Drivers/STM32L0xx_HAL_Driver/stm32l0xx_hal_rcc.o

.debug_frame    0x0000000000000000      0x644
 .debug_frame   0x0000000000000000       0x5c Application/User/main.o
 .debug_frame   0x000000000000005c       0x28 Application/User/stm32l0xx_hal_msp.o
 .debug_frame   0x0000000000000084       0x68 Application/User/stm32l0xx_it.o
 .debug_frame   0x00000000000000ec       0x3c Drivers/CMSIS/system_stm32l0xx.o
 .debug_frame   0x0000000000000128      0x1c4 Drivers/STM32L0xx_HAL_Driver/stm32l0xx_hal.o
 .debug_frame   0x00000000000002ec       0xfc Drivers/STM32L0xx_HAL_Driver/stm32l0xx_hal_cortex.o
 .debug_frame   0x00000000000003e8       0xbc Drivers/STM32L0xx_HAL_Driver/stm32l0xx_hal_gpio.o
 .debug_frame   0x00000000000004a4      0x154 Drivers/STM32L0xx_HAL_Driver/stm32l0xx_hal_rcc.o
 .debug_frame   0x00000000000005f8       0x2c /opt/Atollic_TrueSTUDIO_for_STM32_x86_64_9.0.1/ARMTools/bin/../lib/gcc/arm-atollic-eabi/6.3.1/../../../../arm-atollic-eabi/lib/armv6-m/libc_nano.a(lib_a-init.o)
 .debug_frame   0x0000000000000624       0x20 /opt/Atollic_TrueSTUDIO_for_STM32_x86_64_9.0.1/ARMTools/bin/../lib/gcc/arm-atollic-eabi/6.3.1/armv6-m/libgcc.a(_udivsi3.o)

.debug_loc      0x0000000000000000      0xe98
 .debug_loc     0x0000000000000000      0x17f Drivers/CMSIS/system_stm32l0xx.o
 .debug_loc     0x000000000000017f       0xac Drivers/STM32L0xx_HAL_Driver/stm32l0xx_hal.o
 .debug_loc     0x000000000000022b      0x3cc Drivers/STM32L0xx_HAL_Driver/stm32l0xx_hal_cortex.o
 .debug_loc     0x00000000000005f7      0x2ea Drivers/STM32L0xx_HAL_Driver/stm32l0xx_hal_gpio.o
 .debug_loc     0x00000000000008e1      0x5b7 Drivers/STM32L0xx_HAL_Driver/stm32l0xx_hal_rcc.o
