Archive member included to satisfy reference by file (symbol)

/opt/Atollic_TrueSTUDIO_for_STM32_x86_64_9.0.1/ARMTools/bin/../lib/gcc/arm-atollic-eabi/6.3.1/../../../../arm-atollic-eabi/lib/armv6-m/libc_nano.a(lib_a-init.o)
                              src/startup_stm32l053xx.o (__libc_init_array)
/opt/Atollic_TrueSTUDIO_for_STM32_x86_64_9.0.1/ARMTools/bin/../lib/gcc/arm-atollic-eabi/6.3.1/../../../../arm-atollic-eabi/lib/armv6-m/libc_nano.a(lib_a-memset.o)
                              src/main.o (memset)
/opt/Atollic_TrueSTUDIO_for_STM32_x86_64_9.0.1/ARMTools/bin/../lib/gcc/arm-atollic-eabi/6.3.1/../../../../arm-atollic-eabi/lib/armv6-m/libc_nano.a(lib_a-strcmp.o)
                              src/main.o (strcmp)
/opt/Atollic_TrueSTUDIO_for_STM32_x86_64_9.0.1/ARMTools/bin/../lib/gcc/arm-atollic-eabi/6.3.1/../../../../arm-atollic-eabi/lib/armv6-m/libc_nano.a(lib_a-strlen.o)
                              src/tiny_printf.o (strlen)
/opt/Atollic_TrueSTUDIO_for_STM32_x86_64_9.0.1/ARMTools/bin/../lib/gcc/arm-atollic-eabi/6.3.1/armv6-m/libgcc.a(_udivsi3.o)
                              src/main.o (__aeabi_uidiv)
/opt/Atollic_TrueSTUDIO_for_STM32_x86_64_9.0.1/ARMTools/bin/../lib/gcc/arm-atollic-eabi/6.3.1/armv6-m/libgcc.a(_divsi3.o)
                              src/tiny_printf.o (__aeabi_idiv)
/opt/Atollic_TrueSTUDIO_for_STM32_x86_64_9.0.1/ARMTools/bin/../lib/gcc/arm-atollic-eabi/6.3.1/armv6-m/libgcc.a(_dvmd_tls.o)
                              /opt/Atollic_TrueSTUDIO_for_STM32_x86_64_9.0.1/ARMTools/bin/../lib/gcc/arm-atollic-eabi/6.3.1/armv6-m/libgcc.a(_udivsi3.o) (__aeabi_idiv0)
/opt/Atollic_TrueSTUDIO_for_STM32_x86_64_9.0.1/ARMTools/bin/../lib/gcc/arm-atollic-eabi/6.3.1/../../../../arm-atollic-eabi/lib/armv6-m/libnosys.a(write.o)
                              src/tiny_printf.o (_write)
/opt/Atollic_TrueSTUDIO_for_STM32_x86_64_9.0.1/ARMTools/bin/../lib/gcc/arm-atollic-eabi/6.3.1/../../../../arm-atollic-eabi/lib/armv6-m/libnosys.a(errno.o)
                              /opt/Atollic_TrueSTUDIO_for_STM32_x86_64_9.0.1/ARMTools/bin/../lib/gcc/arm-atollic-eabi/6.3.1/../../../../arm-atollic-eabi/lib/armv6-m/libnosys.a(write.o) (errno)

Allocating common symbols
Common symbol       size              file

errno               0x4               /opt/Atollic_TrueSTUDIO_for_STM32_x86_64_9.0.1/ARMTools/bin/../lib/gcc/arm-atollic-eabi/6.3.1/../../../../arm-atollic-eabi/lib/armv6-m/libnosys.a(errno.o)

Discarded input sections

 .text          0x0000000000000000        0x0 /opt/Atollic_TrueSTUDIO_for_STM32_x86_64_9.0.1/ARMTools/bin/../lib/gcc/arm-atollic-eabi/6.3.1/armv6-m/crti.o
 .data          0x0000000000000000        0x0 /opt/Atollic_TrueSTUDIO_for_STM32_x86_64_9.0.1/ARMTools/bin/../lib/gcc/arm-atollic-eabi/6.3.1/armv6-m/crti.o
 .bss           0x0000000000000000        0x0 /opt/Atollic_TrueSTUDIO_for_STM32_x86_64_9.0.1/ARMTools/bin/../lib/gcc/arm-atollic-eabi/6.3.1/armv6-m/crti.o
 .data          0x0000000000000000        0x4 /opt/Atollic_TrueSTUDIO_for_STM32_x86_64_9.0.1/ARMTools/bin/../lib/gcc/arm-atollic-eabi/6.3.1/armv6-m/crtbegin.o
 .text          0x0000000000000000        0x0 src/main.o
 .data          0x0000000000000000        0x0 src/main.o
 .bss           0x0000000000000000        0x0 src/main.o
 .text          0x0000000000000000       0x14 src/startup_stm32l053xx.o
 .data          0x0000000000000000        0x0 src/startup_stm32l053xx.o
 .bss           0x0000000000000000        0x0 src/startup_stm32l053xx.o
 .text          0x0000000000000000        0x0 src/system_stm32l0xx.o
 .data          0x0000000000000000        0x0 src/system_stm32l0xx.o
 .bss           0x0000000000000000        0x0 src/system_stm32l0xx.o
 .text          0x0000000000000000        0x0 src/tiny_printf.o
 .data          0x0000000000000000        0x0 src/tiny_printf.o
 .bss           0x0000000000000000        0x0 src/tiny_printf.o
 .text.ts_itoa  0x0000000000000000       0x98 src/tiny_printf.o
 .text.ts_formatstring
                0x0000000000000000      0x12c src/tiny_printf.o
 .text.ts_formatlength
                0x0000000000000000       0xa8 src/tiny_printf.o
 .rodata.ts_formatlength
                0x0000000000000000       0x84 src/tiny_printf.o
 .text.siprintf
                0x0000000000000000       0x30 src/tiny_printf.o
 .text.fiprintf
                0x0000000000000000       0xc8 src/tiny_printf.o
 .text.iprintf  0x0000000000000000       0xc0 src/tiny_printf.o
 .rodata        0x0000000000000000        0x2 src/tiny_printf.o
 .text.fputs    0x0000000000000000       0x70 src/tiny_printf.o
 .text.puts     0x0000000000000000       0x60 src/tiny_printf.o
 .text.fwrite   0x0000000000000000       0x3a src/tiny_printf.o
 .debug_info    0x0000000000000000      0xc78 src/tiny_printf.o
 .debug_abbrev  0x0000000000000000      0x262 src/tiny_printf.o
 .debug_aranges
                0x0000000000000000       0x60 src/tiny_printf.o
 .debug_ranges  0x0000000000000000       0x50 src/tiny_printf.o
 .debug_line    0x0000000000000000      0x29e src/tiny_printf.o
 .debug_str     0x0000000000000000      0x671 src/tiny_printf.o
 .comment       0x0000000000000000       0x7d src/tiny_printf.o
 .debug_frame   0x0000000000000000      0x140 src/tiny_printf.o
 .ARM.attributes
                0x0000000000000000       0x32 src/tiny_printf.o
 .text          0x0000000000000000        0x0 /opt/Atollic_TrueSTUDIO_for_STM32_x86_64_9.0.1/ARMTools/bin/../lib/gcc/arm-atollic-eabi/6.3.1/../../../../arm-atollic-eabi/lib/armv6-m/libc_nano.a(lib_a-init.o)
 .data          0x0000000000000000        0x0 /opt/Atollic_TrueSTUDIO_for_STM32_x86_64_9.0.1/ARMTools/bin/../lib/gcc/arm-atollic-eabi/6.3.1/../../../../arm-atollic-eabi/lib/armv6-m/libc_nano.a(lib_a-init.o)
 .bss           0x0000000000000000        0x0 /opt/Atollic_TrueSTUDIO_for_STM32_x86_64_9.0.1/ARMTools/bin/../lib/gcc/arm-atollic-eabi/6.3.1/../../../../arm-atollic-eabi/lib/armv6-m/libc_nano.a(lib_a-init.o)
 .text          0x0000000000000000        0x0 /opt/Atollic_TrueSTUDIO_for_STM32_x86_64_9.0.1/ARMTools/bin/../lib/gcc/arm-atollic-eabi/6.3.1/../../../../arm-atollic-eabi/lib/armv6-m/libc_nano.a(lib_a-memset.o)
 .data          0x0000000000000000        0x0 /opt/Atollic_TrueSTUDIO_for_STM32_x86_64_9.0.1/ARMTools/bin/../lib/gcc/arm-atollic-eabi/6.3.1/../../../../arm-atollic-eabi/lib/armv6-m/libc_nano.a(lib_a-memset.o)
 .bss           0x0000000000000000        0x0 /opt/Atollic_TrueSTUDIO_for_STM32_x86_64_9.0.1/ARMTools/bin/../lib/gcc/arm-atollic-eabi/6.3.1/../../../../arm-atollic-eabi/lib/armv6-m/libc_nano.a(lib_a-memset.o)
 .data          0x0000000000000000        0x0 /opt/Atollic_TrueSTUDIO_for_STM32_x86_64_9.0.1/ARMTools/bin/../lib/gcc/arm-atollic-eabi/6.3.1/../../../../arm-atollic-eabi/lib/armv6-m/libc_nano.a(lib_a-strcmp.o)
 .bss           0x0000000000000000        0x0 /opt/Atollic_TrueSTUDIO_for_STM32_x86_64_9.0.1/ARMTools/bin/../lib/gcc/arm-atollic-eabi/6.3.1/../../../../arm-atollic-eabi/lib/armv6-m/libc_nano.a(lib_a-strcmp.o)
 .text          0x0000000000000000        0xe /opt/Atollic_TrueSTUDIO_for_STM32_x86_64_9.0.1/ARMTools/bin/../lib/gcc/arm-atollic-eabi/6.3.1/../../../../arm-atollic-eabi/lib/armv6-m/libc_nano.a(lib_a-strlen.o)
 .data          0x0000000000000000        0x0 /opt/Atollic_TrueSTUDIO_for_STM32_x86_64_9.0.1/ARMTools/bin/../lib/gcc/arm-atollic-eabi/6.3.1/../../../../arm-atollic-eabi/lib/armv6-m/libc_nano.a(lib_a-strlen.o)
 .bss           0x0000000000000000        0x0 /opt/Atollic_TrueSTUDIO_for_STM32_x86_64_9.0.1/ARMTools/bin/../lib/gcc/arm-atollic-eabi/6.3.1/../../../../arm-atollic-eabi/lib/armv6-m/libc_nano.a(lib_a-strlen.o)
 .ARM.attributes
                0x0000000000000000       0x1c /opt/Atollic_TrueSTUDIO_for_STM32_x86_64_9.0.1/ARMTools/bin/../lib/gcc/arm-atollic-eabi/6.3.1/../../../../arm-atollic-eabi/lib/armv6-m/libc_nano.a(lib_a-strlen.o)
 .data          0x0000000000000000        0x0 /opt/Atollic_TrueSTUDIO_for_STM32_x86_64_9.0.1/ARMTools/bin/../lib/gcc/arm-atollic-eabi/6.3.1/armv6-m/libgcc.a(_udivsi3.o)
 .bss           0x0000000000000000        0x0 /opt/Atollic_TrueSTUDIO_for_STM32_x86_64_9.0.1/ARMTools/bin/../lib/gcc/arm-atollic-eabi/6.3.1/armv6-m/libgcc.a(_udivsi3.o)
 .text          0x0000000000000000      0x1d4 /opt/Atollic_TrueSTUDIO_for_STM32_x86_64_9.0.1/ARMTools/bin/../lib/gcc/arm-atollic-eabi/6.3.1/armv6-m/libgcc.a(_divsi3.o)
 .data          0x0000000000000000        0x0 /opt/Atollic_TrueSTUDIO_for_STM32_x86_64_9.0.1/ARMTools/bin/../lib/gcc/arm-atollic-eabi/6.3.1/armv6-m/libgcc.a(_divsi3.o)
 .bss           0x0000000000000000        0x0 /opt/Atollic_TrueSTUDIO_for_STM32_x86_64_9.0.1/ARMTools/bin/../lib/gcc/arm-atollic-eabi/6.3.1/armv6-m/libgcc.a(_divsi3.o)
 .debug_frame   0x0000000000000000       0x20 /opt/Atollic_TrueSTUDIO_for_STM32_x86_64_9.0.1/ARMTools/bin/../lib/gcc/arm-atollic-eabi/6.3.1/armv6-m/libgcc.a(_divsi3.o)
 .ARM.attributes
                0x0000000000000000       0x1e /opt/Atollic_TrueSTUDIO_for_STM32_x86_64_9.0.1/ARMTools/bin/../lib/gcc/arm-atollic-eabi/6.3.1/armv6-m/libgcc.a(_divsi3.o)
 .data          0x0000000000000000        0x0 /opt/Atollic_TrueSTUDIO_for_STM32_x86_64_9.0.1/ARMTools/bin/../lib/gcc/arm-atollic-eabi/6.3.1/armv6-m/libgcc.a(_dvmd_tls.o)
 .bss           0x0000000000000000        0x0 /opt/Atollic_TrueSTUDIO_for_STM32_x86_64_9.0.1/ARMTools/bin/../lib/gcc/arm-atollic-eabi/6.3.1/armv6-m/libgcc.a(_dvmd_tls.o)
 .text          0x0000000000000000        0x0 /opt/Atollic_TrueSTUDIO_for_STM32_x86_64_9.0.1/ARMTools/bin/../lib/gcc/arm-atollic-eabi/6.3.1/../../../../arm-atollic-eabi/lib/armv6-m/libnosys.a(write.o)
 .data          0x0000000000000000        0x0 /opt/Atollic_TrueSTUDIO_for_STM32_x86_64_9.0.1/ARMTools/bin/../lib/gcc/arm-atollic-eabi/6.3.1/../../../../arm-atollic-eabi/lib/armv6-m/libnosys.a(write.o)
 .bss           0x0000000000000000        0x0 /opt/Atollic_TrueSTUDIO_for_STM32_x86_64_9.0.1/ARMTools/bin/../lib/gcc/arm-atollic-eabi/6.3.1/../../../../arm-atollic-eabi/lib/armv6-m/libnosys.a(write.o)
 .stab          0x0000000000000000       0x24 /opt/Atollic_TrueSTUDIO_for_STM32_x86_64_9.0.1/ARMTools/bin/../lib/gcc/arm-atollic-eabi/6.3.1/../../../../arm-atollic-eabi/lib/armv6-m/libnosys.a(write.o)
 .text._write   0x0000000000000000       0x10 /opt/Atollic_TrueSTUDIO_for_STM32_x86_64_9.0.1/ARMTools/bin/../lib/gcc/arm-atollic-eabi/6.3.1/../../../../arm-atollic-eabi/lib/armv6-m/libnosys.a(write.o)
 .debug_frame   0x0000000000000000       0x20 /opt/Atollic_TrueSTUDIO_for_STM32_x86_64_9.0.1/ARMTools/bin/../lib/gcc/arm-atollic-eabi/6.3.1/../../../../arm-atollic-eabi/lib/armv6-m/libnosys.a(write.o)
 .ARM.attributes
                0x0000000000000000       0x2c /opt/Atollic_TrueSTUDIO_for_STM32_x86_64_9.0.1/ARMTools/bin/../lib/gcc/arm-atollic-eabi/6.3.1/../../../../arm-atollic-eabi/lib/armv6-m/libnosys.a(write.o)
 .text          0x0000000000000000        0x0 /opt/Atollic_TrueSTUDIO_for_STM32_x86_64_9.0.1/ARMTools/bin/../lib/gcc/arm-atollic-eabi/6.3.1/../../../../arm-atollic-eabi/lib/armv6-m/libnosys.a(errno.o)
 .data          0x0000000000000000        0x0 /opt/Atollic_TrueSTUDIO_for_STM32_x86_64_9.0.1/ARMTools/bin/../lib/gcc/arm-atollic-eabi/6.3.1/../../../../arm-atollic-eabi/lib/armv6-m/libnosys.a(errno.o)
 .bss           0x0000000000000000        0x0 /opt/Atollic_TrueSTUDIO_for_STM32_x86_64_9.0.1/ARMTools/bin/../lib/gcc/arm-atollic-eabi/6.3.1/../../../../arm-atollic-eabi/lib/armv6-m/libnosys.a(errno.o)
 .ARM.attributes
                0x0000000000000000       0x2c /opt/Atollic_TrueSTUDIO_for_STM32_x86_64_9.0.1/ARMTools/bin/../lib/gcc/arm-atollic-eabi/6.3.1/../../../../arm-atollic-eabi/lib/armv6-m/libnosys.a(errno.o)
 COMMON         0x0000000000000000        0x4 /opt/Atollic_TrueSTUDIO_for_STM32_x86_64_9.0.1/ARMTools/bin/../lib/gcc/arm-atollic-eabi/6.3.1/../../../../arm-atollic-eabi/lib/armv6-m/libnosys.a(errno.o)
 .text          0x0000000000000000        0x0 /opt/Atollic_TrueSTUDIO_for_STM32_x86_64_9.0.1/ARMTools/bin/../lib/gcc/arm-atollic-eabi/6.3.1/armv6-m/crtend.o
 .data          0x0000000000000000        0x0 /opt/Atollic_TrueSTUDIO_for_STM32_x86_64_9.0.1/ARMTools/bin/../lib/gcc/arm-atollic-eabi/6.3.1/armv6-m/crtend.o
 .bss           0x0000000000000000        0x0 /opt/Atollic_TrueSTUDIO_for_STM32_x86_64_9.0.1/ARMTools/bin/../lib/gcc/arm-atollic-eabi/6.3.1/armv6-m/crtend.o
 .eh_frame      0x0000000000000000        0x4 /opt/Atollic_TrueSTUDIO_for_STM32_x86_64_9.0.1/ARMTools/bin/../lib/gcc/arm-atollic-eabi/6.3.1/armv6-m/crtend.o
 .ARM.attributes
                0x0000000000000000       0x2c /opt/Atollic_TrueSTUDIO_for_STM32_x86_64_9.0.1/ARMTools/bin/../lib/gcc/arm-atollic-eabi/6.3.1/armv6-m/crtend.o
 .text          0x0000000000000000        0x0 /opt/Atollic_TrueSTUDIO_for_STM32_x86_64_9.0.1/ARMTools/bin/../lib/gcc/arm-atollic-eabi/6.3.1/armv6-m/crtn.o
 .data          0x0000000000000000        0x0 /opt/Atollic_TrueSTUDIO_for_STM32_x86_64_9.0.1/ARMTools/bin/../lib/gcc/arm-atollic-eabi/6.3.1/armv6-m/crtn.o
 .bss           0x0000000000000000        0x0 /opt/Atollic_TrueSTUDIO_for_STM32_x86_64_9.0.1/ARMTools/bin/../lib/gcc/arm-atollic-eabi/6.3.1/armv6-m/crtn.o

Memory Configuration

Name             Origin             Length             Attributes
FLASH            0x0000000008000000 0x0000000000010000 xr
RAM              0x0000000020000000 0x0000000000002000 xrw
MEMORY_B1        0x0000000060000000 0x0000000000000000 xr
*default*        0x0000000000000000 0xffffffffffffffff

Linker script and memory map

LOAD /opt/Atollic_TrueSTUDIO_for_STM32_x86_64_9.0.1/ARMTools/bin/../lib/gcc/arm-atollic-eabi/6.3.1/armv6-m/crti.o
LOAD /opt/Atollic_TrueSTUDIO_for_STM32_x86_64_9.0.1/ARMTools/bin/../lib/gcc/arm-atollic-eabi/6.3.1/armv6-m/crtbegin.o
LOAD src/main.o
LOAD src/startup_stm32l053xx.o
LOAD src/system_stm32l0xx.o
LOAD src/tiny_printf.o
                0x0000000000000080                malloc_getpagesize_P = 0x80
START GROUP
LOAD /opt/Atollic_TrueSTUDIO_for_STM32_x86_64_9.0.1/ARMTools/bin/../lib/gcc/arm-atollic-eabi/6.3.1/../../../../arm-atollic-eabi/lib/armv6-m/libc_nano.a
LOAD /opt/Atollic_TrueSTUDIO_for_STM32_x86_64_9.0.1/ARMTools/bin/../lib/gcc/arm-atollic-eabi/6.3.1/../../../../arm-atollic-eabi/lib/armv6-m/libm.a
END GROUP
START GROUP
LOAD /opt/Atollic_TrueSTUDIO_for_STM32_x86_64_9.0.1/ARMTools/bin/../lib/gcc/arm-atollic-eabi/6.3.1/armv6-m/libgcc.a
LOAD /opt/Atollic_TrueSTUDIO_for_STM32_x86_64_9.0.1/ARMTools/bin/../lib/gcc/arm-atollic-eabi/6.3.1/../../../../arm-atollic-eabi/lib/armv6-m/libc_nano.a
END GROUP
START GROUP
LOAD /opt/Atollic_TrueSTUDIO_for_STM32_x86_64_9.0.1/ARMTools/bin/../lib/gcc/arm-atollic-eabi/6.3.1/armv6-m/libgcc.a
LOAD /opt/Atollic_TrueSTUDIO_for_STM32_x86_64_9.0.1/ARMTools/bin/../lib/gcc/arm-atollic-eabi/6.3.1/../../../../arm-atollic-eabi/lib/armv6-m/libc_nano.a
LOAD /opt/Atollic_TrueSTUDIO_for_STM32_x86_64_9.0.1/ARMTools/bin/../lib/gcc/arm-atollic-eabi/6.3.1/../../../../arm-atollic-eabi/lib/armv6-m/libnosys.a
END GROUP
START GROUP
LOAD /opt/Atollic_TrueSTUDIO_for_STM32_x86_64_9.0.1/ARMTools/bin/../lib/gcc/arm-atollic-eabi/6.3.1/armv6-m/libgcc.a
LOAD /opt/Atollic_TrueSTUDIO_for_STM32_x86_64_9.0.1/ARMTools/bin/../lib/gcc/arm-atollic-eabi/6.3.1/../../../../arm-atollic-eabi/lib/armv6-m/libc_nano.a
LOAD /opt/Atollic_TrueSTUDIO_for_STM32_x86_64_9.0.1/ARMTools/bin/../lib/gcc/arm-atollic-eabi/6.3.1/../../../../arm-atollic-eabi/lib/armv6-m/libnosys.a
END GROUP
LOAD /opt/Atollic_TrueSTUDIO_for_STM32_x86_64_9.0.1/ARMTools/bin/../lib/gcc/arm-atollic-eabi/6.3.1/armv6-m/crtend.o
LOAD /opt/Atollic_TrueSTUDIO_for_STM32_x86_64_9.0.1/ARMTools/bin/../lib/gcc/arm-atollic-eabi/6.3.1/armv6-m/crtn.o
                0x0000000020002000                _estack = 0x20002000
                0x0000000000000000                _Min_Heap_Size = 0x0
                0x0000000000000080                _Min_Stack_Size = 0x80

.isr_vector     0x0000000008000000       0xc0
                0x0000000008000000                . = ALIGN (0x4)
 *(.isr_vector)
 .isr_vector    0x0000000008000000       0xc0 src/startup_stm32l053xx.o
                0x0000000008000000                g_pfnVectors
                0x00000000080000c0                . = ALIGN (0x4)

.text           0x00000000080000c0      0x5d4
                0x00000000080000c0                . = ALIGN (0x4)
 *(.text)
 .text          0x00000000080000c0       0x48 /opt/Atollic_TrueSTUDIO_for_STM32_x86_64_9.0.1/ARMTools/bin/../lib/gcc/arm-atollic-eabi/6.3.1/armv6-m/crtbegin.o
 .text          0x0000000008000108       0x14 /opt/Atollic_TrueSTUDIO_for_STM32_x86_64_9.0.1/ARMTools/bin/../lib/gcc/arm-atollic-eabi/6.3.1/../../../../arm-atollic-eabi/lib/armv6-m/libc_nano.a(lib_a-strcmp.o)
                0x0000000008000108                strcmp
 .text          0x000000000800011c      0x114 /opt/Atollic_TrueSTUDIO_for_STM32_x86_64_9.0.1/ARMTools/bin/../lib/gcc/arm-atollic-eabi/6.3.1/armv6-m/libgcc.a(_udivsi3.o)
                0x000000000800011c                __udivsi3
                0x000000000800011c                __aeabi_uidiv
                0x0000000008000228                __aeabi_uidivmod
 .text          0x0000000008000230        0x4 /opt/Atollic_TrueSTUDIO_for_STM32_x86_64_9.0.1/ARMTools/bin/../lib/gcc/arm-atollic-eabi/6.3.1/armv6-m/libgcc.a(_dvmd_tls.o)
                0x0000000008000230                __aeabi_ldiv0
                0x0000000008000230                __aeabi_idiv0
 *(.text*)
 .text.uart_rx  0x0000000008000234       0x24 src/main.o
                0x0000000008000234                uart_rx
 .text.uart_tx  0x0000000008000258       0x30 src/main.o
                0x0000000008000258                uart_tx
 .text.send_uart
                0x0000000008000288       0x4a src/main.o
                0x0000000008000288                send_uart
 *fill*         0x00000000080002d2        0x2 
 .text.main     0x00000000080002d4      0x14c src/main.o
                0x00000000080002d4                main
 .text.Reset_Handler
                0x0000000008000420       0x50 src/startup_stm32l053xx.o
                0x0000000008000420                Reset_Handler
 .text.Default_Handler
                0x0000000008000470        0x2 src/startup_stm32l053xx.o
                0x0000000008000470                DebugMon_Handler
                0x0000000008000470                TSC_IRQHandler
                0x0000000008000470                HardFault_Handler
                0x0000000008000470                ADC1_COMP_IRQHandler
                0x0000000008000470                SysTick_Handler
                0x0000000008000470                PVD_IRQHandler
                0x0000000008000470                PendSV_Handler
                0x0000000008000470                NMI_Handler
                0x0000000008000470                I2C1_IRQHandler
                0x0000000008000470                RCC_CRS_IRQHandler
                0x0000000008000470                SPI1_IRQHandler
                0x0000000008000470                TIM6_DAC_IRQHandler
                0x0000000008000470                EXTI2_3_IRQHandler
                0x0000000008000470                I2C2_IRQHandler
                0x0000000008000470                RTC_IRQHandler
                0x0000000008000470                LCD_IRQHandler
                0x0000000008000470                DMA1_Channel4_5_6_7_IRQHandler
                0x0000000008000470                EXTI4_15_IRQHandler
                0x0000000008000470                DMA1_Channel1_IRQHandler
                0x0000000008000470                Default_Handler
                0x0000000008000470                TIM22_IRQHandler
                0x0000000008000470                EXTI0_1_IRQHandler
                0x0000000008000470                USB_IRQHandler
                0x0000000008000470                SPI2_IRQHandler
                0x0000000008000470                SVC_Handler
                0x0000000008000470                TIM21_IRQHandler
                0x0000000008000470                WWDG_IRQHandler
                0x0000000008000470                TIM2_IRQHandler
                0x0000000008000470                DMA1_Channel2_3_IRQHandler
                0x0000000008000470                USART2_IRQHandler
                0x0000000008000470                FLASH_IRQHandler
                0x0000000008000470                USART1_IRQHandler
                0x0000000008000470                RNG_LPUART1_IRQHandler
                0x0000000008000470                LPTIM1_IRQHandler
 *fill*         0x0000000008000472        0x2 
 .text.SystemInit
                0x0000000008000474       0x7c src/system_stm32l0xx.o
                0x0000000008000474                SystemInit
 .text.SystemCoreClockUpdate
                0x00000000080004f0      0x134 src/system_stm32l0xx.o
                0x00000000080004f0                SystemCoreClockUpdate
 .text.__libc_init_array
                0x0000000008000624       0x48 /opt/Atollic_TrueSTUDIO_for_STM32_x86_64_9.0.1/ARMTools/bin/../lib/gcc/arm-atollic-eabi/6.3.1/../../../../arm-atollic-eabi/lib/armv6-m/libc_nano.a(lib_a-init.o)
                0x0000000008000624                __libc_init_array
 .text.memset   0x000000000800066c       0x10 /opt/Atollic_TrueSTUDIO_for_STM32_x86_64_9.0.1/ARMTools/bin/../lib/gcc/arm-atollic-eabi/6.3.1/../../../../arm-atollic-eabi/lib/armv6-m/libc_nano.a(lib_a-memset.o)
                0x000000000800066c                memset
 *(.glue_7)
 .glue_7        0x000000000800067c        0x0 linker stubs
 *(.glue_7t)
 .glue_7t       0x000000000800067c        0x0 linker stubs
 *(.eh_frame)
 .eh_frame      0x000000000800067c        0x0 /opt/Atollic_TrueSTUDIO_for_STM32_x86_64_9.0.1/ARMTools/bin/../lib/gcc/arm-atollic-eabi/6.3.1/armv6-m/crtbegin.o
 *(.init)
 .init          0x000000000800067c        0x4 /opt/Atollic_TrueSTUDIO_for_STM32_x86_64_9.0.1/ARMTools/bin/../lib/gcc/arm-atollic-eabi/6.3.1/armv6-m/crti.o
                0x000000000800067c                _init
 .init          0x0000000008000680        0x8 /opt/Atollic_TrueSTUDIO_for_STM32_x86_64_9.0.1/ARMTools/bin/../lib/gcc/arm-atollic-eabi/6.3.1/armv6-m/crtn.o
 *(.fini)
 .fini          0x0000000008000688        0x4 /opt/Atollic_TrueSTUDIO_for_STM32_x86_64_9.0.1/ARMTools/bin/../lib/gcc/arm-atollic-eabi/6.3.1/armv6-m/crti.o
                0x0000000008000688                _fini
 .fini          0x000000000800068c        0x8 /opt/Atollic_TrueSTUDIO_for_STM32_x86_64_9.0.1/ARMTools/bin/../lib/gcc/arm-atollic-eabi/6.3.1/armv6-m/crtn.o
                0x0000000008000694                . = ALIGN (0x4)
                0x0000000008000694                _etext = .

.vfp11_veneer   0x0000000008000694        0x0
 .vfp11_veneer  0x0000000008000694        0x0 linker stubs

.v4_bx          0x0000000008000694        0x0
 .v4_bx         0x0000000008000694        0x0 linker stubs

.iplt           0x0000000008000694        0x0
 .iplt          0x0000000008000694        0x0 /opt/Atollic_TrueSTUDIO_for_STM32_x86_64_9.0.1/ARMTools/bin/../lib/gcc/arm-atollic-eabi/6.3.1/armv6-m/crtbegin.o

.rodata         0x0000000008000694       0x24
                0x0000000008000694                . = ALIGN (0x4)
 *(.rodata)
 .rodata        0x0000000008000694       0x22 src/main.o
 *(.rodata*)
                0x00000000080006b8                . = ALIGN (0x4)
 *fill*         0x00000000080006b6        0x2 

.rel.dyn        0x00000000080006b8        0x0
 .rel.iplt      0x00000000080006b8        0x0 /opt/Atollic_TrueSTUDIO_for_STM32_x86_64_9.0.1/ARMTools/bin/../lib/gcc/arm-atollic-eabi/6.3.1/armv6-m/crtbegin.o

.ARM.extab
 *(.ARM.extab* .gnu.linkonce.armextab.*)

.ARM            0x00000000080006b8        0x0
                0x00000000080006b8                __exidx_start = .
 *(.ARM.exidx*)
                0x00000000080006b8                __exidx_end = .

.preinit_array  0x00000000080006b8        0x0
                0x00000000080006b8                PROVIDE (__preinit_array_start, .)
 *(.preinit_array*)
                0x00000000080006b8                PROVIDE (__preinit_array_end, .)

.init_array     0x00000000080006b8        0x4
                0x00000000080006b8                PROVIDE (__init_array_start, .)
 *(SORT(.init_array.*))
 *(.init_array*)
 .init_array    0x00000000080006b8        0x4 /opt/Atollic_TrueSTUDIO_for_STM32_x86_64_9.0.1/ARMTools/bin/../lib/gcc/arm-atollic-eabi/6.3.1/armv6-m/crtbegin.o
                0x00000000080006bc                PROVIDE (__init_array_end, .)

.fini_array     0x00000000080006bc        0x4
                [!provide]                        PROVIDE (__fini_array_start, .)
 *(SORT(.fini_array.*))
 *(.fini_array*)
 .fini_array    0x00000000080006bc        0x4 /opt/Atollic_TrueSTUDIO_for_STM32_x86_64_9.0.1/ARMTools/bin/../lib/gcc/arm-atollic-eabi/6.3.1/armv6-m/crtbegin.o
                [!provide]                        PROVIDE (__fini_array_end, .)
                0x00000000080006c0                _sidata = LOADADDR (.data)

.data           0x0000000020000000       0x20 load address 0x00000000080006c0
                0x0000000020000000                . = ALIGN (0x4)
                0x0000000020000000                _sdata = .
 *(.data)
 *(.data*)
 .data.SystemCoreClock
                0x0000000020000000        0x4 src/system_stm32l0xx.o
                0x0000000020000000                SystemCoreClock
 .data.AHBPrescTable
                0x0000000020000004       0x10 src/system_stm32l0xx.o
                0x0000000020000004                AHBPrescTable
 .data.PLLMulTable
                0x0000000020000014        0x9 src/system_stm32l0xx.o
                0x0000000020000014                PLLMulTable
                0x0000000020000020                . = ALIGN (0x4)
 *fill*         0x000000002000001d        0x3 
                0x0000000020000020                _edata = .

.igot.plt       0x0000000020000020        0x0 load address 0x00000000080006e0
 .igot.plt      0x0000000020000020        0x0 /opt/Atollic_TrueSTUDIO_for_STM32_x86_64_9.0.1/ARMTools/bin/../lib/gcc/arm-atollic-eabi/6.3.1/armv6-m/crtbegin.o
                0x0000000020000020                . = ALIGN (0x4)

.bss            0x0000000020000020       0x1c load address 0x00000000080006e0
                0x0000000020000020                _sbss = .
                0x0000000020000020                __bss_start__ = _sbss
 *(.bss)
 .bss           0x0000000020000020       0x1c /opt/Atollic_TrueSTUDIO_for_STM32_x86_64_9.0.1/ARMTools/bin/../lib/gcc/arm-atollic-eabi/6.3.1/armv6-m/crtbegin.o
 *(.bss*)
 *(COMMON)
                0x000000002000003c                . = ALIGN (0x4)
                0x000000002000003c                _ebss = .
                0x000000002000003c                __bss_end__ = _ebss

._user_heap_stack
                0x000000002000003c       0x80 load address 0x00000000080006e0
                0x000000002000003c                . = ALIGN (0x4)
                [!provide]                        PROVIDE (end, .)
                [!provide]                        PROVIDE (_end, .)
                0x000000002000003c                . = (. + _Min_Heap_Size)
                0x00000000200000bc                . = (. + _Min_Stack_Size)
 *fill*         0x000000002000003c       0x80 
                0x00000000200000bc                . = ALIGN (0x4)

.memory_b1_text
 *(.mb1text)
 *(.mb1text*)
 *(.mb1rodata)
 *(.mb1rodata*)

/DISCARD/
 libc.a(*)
 libm.a(*)
 libgcc.a(*)

.ARM.attributes
                0x0000000000000000       0x28
 *(.ARM.attributes)
 .ARM.attributes
                0x0000000000000000       0x1e /opt/Atollic_TrueSTUDIO_for_STM32_x86_64_9.0.1/ARMTools/bin/../lib/gcc/arm-atollic-eabi/6.3.1/armv6-m/crti.o
 .ARM.attributes
                0x000000000000001e       0x2c /opt/Atollic_TrueSTUDIO_for_STM32_x86_64_9.0.1/ARMTools/bin/../lib/gcc/arm-atollic-eabi/6.3.1/armv6-m/crtbegin.o
 .ARM.attributes
                0x000000000000004a       0x32 src/main.o
 .ARM.attributes
                0x000000000000007c       0x22 src/startup_stm32l053xx.o
 .ARM.attributes
                0x000000000000009e       0x32 src/system_stm32l0xx.o
 .ARM.attributes
                0x00000000000000d0       0x2c /opt/Atollic_TrueSTUDIO_for_STM32_x86_64_9.0.1/ARMTools/bin/../lib/gcc/arm-atollic-eabi/6.3.1/../../../../arm-atollic-eabi/lib/armv6-m/libc_nano.a(lib_a-init.o)
 .ARM.attributes
                0x00000000000000fc       0x2c /opt/Atollic_TrueSTUDIO_for_STM32_x86_64_9.0.1/ARMTools/bin/../lib/gcc/arm-atollic-eabi/6.3.1/../../../../arm-atollic-eabi/lib/armv6-m/libc_nano.a(lib_a-memset.o)
 .ARM.attributes
                0x0000000000000128       0x1c /opt/Atollic_TrueSTUDIO_for_STM32_x86_64_9.0.1/ARMTools/bin/../lib/gcc/arm-atollic-eabi/6.3.1/../../../../arm-atollic-eabi/lib/armv6-m/libc_nano.a(lib_a-strcmp.o)
 .ARM.attributes
                0x0000000000000144       0x1e /opt/Atollic_TrueSTUDIO_for_STM32_x86_64_9.0.1/ARMTools/bin/../lib/gcc/arm-atollic-eabi/6.3.1/armv6-m/libgcc.a(_udivsi3.o)
 .ARM.attributes
                0x0000000000000162       0x1e /opt/Atollic_TrueSTUDIO_for_STM32_x86_64_9.0.1/ARMTools/bin/../lib/gcc/arm-atollic-eabi/6.3.1/armv6-m/libgcc.a(_dvmd_tls.o)
 .ARM.attributes
                0x0000000000000180       0x1e /opt/Atollic_TrueSTUDIO_for_STM32_x86_64_9.0.1/ARMTools/bin/../lib/gcc/arm-atollic-eabi/6.3.1/armv6-m/crtn.o
OUTPUT(lab3.elf elf32-littlearm)

.debug_info     0x0000000000000000     0x10b5
 .debug_info    0x0000000000000000      0xce2 src/main.o
 .debug_info    0x0000000000000ce2       0x7f src/startup_stm32l053xx.o
 .debug_info    0x0000000000000d61      0x354 src/system_stm32l0xx.o

.debug_abbrev   0x0000000000000000      0x32d
 .debug_abbrev  0x0000000000000000      0x20d src/main.o
 .debug_abbrev  0x000000000000020d       0x12 src/startup_stm32l053xx.o
 .debug_abbrev  0x000000000000021f      0x10e src/system_stm32l0xx.o

.debug_aranges  0x0000000000000000       0x88
 .debug_aranges
                0x0000000000000000       0x38 src/main.o
 .debug_aranges
                0x0000000000000038       0x28 src/startup_stm32l053xx.o
 .debug_aranges
                0x0000000000000060       0x28 src/system_stm32l0xx.o

.debug_ranges   0x0000000000000000       0x60
 .debug_ranges  0x0000000000000000       0x28 src/main.o
 .debug_ranges  0x0000000000000028       0x20 src/startup_stm32l053xx.o
 .debug_ranges  0x0000000000000048       0x18 src/system_stm32l0xx.o

.debug_line     0x0000000000000000      0x49e
 .debug_line    0x0000000000000000      0x256 src/main.o
 .debug_line    0x0000000000000256       0x7f src/startup_stm32l053xx.o
 .debug_line    0x00000000000002d5      0x1c9 src/system_stm32l0xx.o

.debug_str      0x0000000000000000      0x78e
 .debug_str     0x0000000000000000      0x6f3 src/main.o
                                        0x785 (size before relaxing)
 .debug_str     0x00000000000006f3       0x9b src/system_stm32l0xx.o
                                        0x2e6 (size before relaxing)

.comment        0x0000000000000000       0x7c
 .comment       0x0000000000000000       0x7c src/main.o
                                         0x7d (size before relaxing)
 .comment       0x000000000000007c       0x7d src/system_stm32l0xx.o

.debug_frame    0x0000000000000000      0x164
 .debug_frame   0x0000000000000000       0x8c src/main.o
 .debug_frame   0x000000000000008c       0x4c src/system_stm32l0xx.o
 .debug_frame   0x00000000000000d8       0x2c /opt/Atollic_TrueSTUDIO_for_STM32_x86_64_9.0.1/ARMTools/bin/../lib/gcc/arm-atollic-eabi/6.3.1/../../../../arm-atollic-eabi/lib/armv6-m/libc_nano.a(lib_a-init.o)
 .debug_frame   0x0000000000000104       0x20 /opt/Atollic_TrueSTUDIO_for_STM32_x86_64_9.0.1/ARMTools/bin/../lib/gcc/arm-atollic-eabi/6.3.1/../../../../arm-atollic-eabi/lib/armv6-m/libc_nano.a(lib_a-memset.o)
 .debug_frame   0x0000000000000124       0x20 /opt/Atollic_TrueSTUDIO_for_STM32_x86_64_9.0.1/ARMTools/bin/../lib/gcc/arm-atollic-eabi/6.3.1/../../../../arm-atollic-eabi/lib/armv6-m/libc_nano.a(lib_a-strcmp.o)
 .debug_frame   0x0000000000000144       0x20 /opt/Atollic_TrueSTUDIO_for_STM32_x86_64_9.0.1/ARMTools/bin/../lib/gcc/arm-atollic-eabi/6.3.1/armv6-m/libgcc.a(_udivsi3.o)

.stabstr        0x0000000000000000       0x3f
 .stabstr       0x0000000000000000       0x3f /opt/Atollic_TrueSTUDIO_for_STM32_x86_64_9.0.1/ARMTools/bin/../lib/gcc/arm-atollic-eabi/6.3.1/../../../../arm-atollic-eabi/lib/armv6-m/libnosys.a(write.o)

Cross Reference Table

Symbol                                            File
ADC1_COMP_IRQHandler                              src/startup_stm32l053xx.o
AHBPrescTable                                     src/system_stm32l0xx.o
DMA1_Channel1_IRQHandler                          src/startup_stm32l053xx.o
DMA1_Channel2_3_IRQHandler                        src/startup_stm32l053xx.o
DMA1_Channel4_5_6_7_IRQHandler                    src/startup_stm32l053xx.o
DebugMon_Handler                                  src/startup_stm32l053xx.o
Default_Handler                                   src/startup_stm32l053xx.o
EXTI0_1_IRQHandler                                src/startup_stm32l053xx.o
EXTI2_3_IRQHandler                                src/startup_stm32l053xx.o
EXTI4_15_IRQHandler                               src/startup_stm32l053xx.o
FLASH_IRQHandler                                  src/startup_stm32l053xx.o
HardFault_Handler                                 src/startup_stm32l053xx.o
I2C1_IRQHandler                                   src/startup_stm32l053xx.o
I2C2_IRQHandler                                   src/startup_stm32l053xx.o
LCD_IRQHandler                                    src/startup_stm32l053xx.o
LPTIM1_IRQHandler                                 src/startup_stm32l053xx.o
NMI_Handler                                       src/startup_stm32l053xx.o
PLLMulTable                                       src/system_stm32l0xx.o
PVD_IRQHandler                                    src/startup_stm32l053xx.o
PendSV_Handler                                    src/startup_stm32l053xx.o
RCC_CRS_IRQHandler                                src/startup_stm32l053xx.o
RNG_LPUART1_IRQHandler                            src/startup_stm32l053xx.o
RTC_IRQHandler                                    src/startup_stm32l053xx.o
Reset_Handler                                     src/startup_stm32l053xx.o
SPI1_IRQHandler                                   src/startup_stm32l053xx.o
SPI2_IRQHandler                                   src/startup_stm32l053xx.o
SVC_Handler                                       src/startup_stm32l053xx.o
SysTick_Handler                                   src/startup_stm32l053xx.o
SystemCoreClock                                   src/system_stm32l0xx.o
                                                  src/main.o
SystemCoreClockUpdate                             src/system_stm32l0xx.o
                                                  src/main.o
SystemInit                                        src/system_stm32l0xx.o
                                                  src/startup_stm32l053xx.o
TIM21_IRQHandler                                  src/startup_stm32l053xx.o
TIM22_IRQHandler                                  src/startup_stm32l053xx.o
TIM2_IRQHandler                                   src/startup_stm32l053xx.o
TIM6_DAC_IRQHandler                               src/startup_stm32l053xx.o
TSC_IRQHandler                                    src/startup_stm32l053xx.o
USART1_IRQHandler                                 src/startup_stm32l053xx.o
USART2_IRQHandler                                 src/startup_stm32l053xx.o
USB_IRQHandler                                    src/startup_stm32l053xx.o
WWDG_IRQHandler                                   src/startup_stm32l053xx.o
__aeabi_idiv                                      /opt/Atollic_TrueSTUDIO_for_STM32_x86_64_9.0.1/ARMTools/bin/../lib/gcc/arm-atollic-eabi/6.3.1/armv6-m/libgcc.a(_divsi3.o)
                                                  src/tiny_printf.o
__aeabi_idiv0                                     /opt/Atollic_TrueSTUDIO_for_STM32_x86_64_9.0.1/ARMTools/bin/../lib/gcc/arm-atollic-eabi/6.3.1/armv6-m/libgcc.a(_dvmd_tls.o)
                                                  /opt/Atollic_TrueSTUDIO_for_STM32_x86_64_9.0.1/ARMTools/bin/../lib/gcc/arm-atollic-eabi/6.3.1/armv6-m/libgcc.a(_divsi3.o)
                                                  /opt/Atollic_TrueSTUDIO_for_STM32_x86_64_9.0.1/ARMTools/bin/../lib/gcc/arm-atollic-eabi/6.3.1/armv6-m/libgcc.a(_udivsi3.o)
__aeabi_idivmod                                   /opt/Atollic_TrueSTUDIO_for_STM32_x86_64_9.0.1/ARMTools/bin/../lib/gcc/arm-atollic-eabi/6.3.1/armv6-m/libgcc.a(_divsi3.o)
__aeabi_ldiv0                                     /opt/Atollic_TrueSTUDIO_for_STM32_x86_64_9.0.1/ARMTools/bin/../lib/gcc/arm-atollic-eabi/6.3.1/armv6-m/libgcc.a(_dvmd_tls.o)
__aeabi_uidiv                                     /opt/Atollic_TrueSTUDIO_for_STM32_x86_64_9.0.1/ARMTools/bin/../lib/gcc/arm-atollic-eabi/6.3.1/armv6-m/libgcc.a(_udivsi3.o)
                                                  src/tiny_printf.o
                                                  src/system_stm32l0xx.o
                                                  src/main.o
__aeabi_uidivmod                                  /opt/Atollic_TrueSTUDIO_for_STM32_x86_64_9.0.1/ARMTools/bin/../lib/gcc/arm-atollic-eabi/6.3.1/armv6-m/libgcc.a(_udivsi3.o)
                                                  src/tiny_printf.o
__deregister_frame_info                           /opt/Atollic_TrueSTUDIO_for_STM32_x86_64_9.0.1/ARMTools/bin/../lib/gcc/arm-atollic-eabi/6.3.1/armv6-m/crtbegin.o
__divsi3                                          /opt/Atollic_TrueSTUDIO_for_STM32_x86_64_9.0.1/ARMTools/bin/../lib/gcc/arm-atollic-eabi/6.3.1/armv6-m/libgcc.a(_divsi3.o)
__dso_handle                                      /opt/Atollic_TrueSTUDIO_for_STM32_x86_64_9.0.1/ARMTools/bin/../lib/gcc/arm-atollic-eabi/6.3.1/armv6-m/crtbegin.o
__init_array_end                                  /opt/Atollic_TrueSTUDIO_for_STM32_x86_64_9.0.1/ARMTools/bin/../lib/gcc/arm-atollic-eabi/6.3.1/../../../../arm-atollic-eabi/lib/armv6-m/libc_nano.a(lib_a-init.o)
__init_array_start                                /opt/Atollic_TrueSTUDIO_for_STM32_x86_64_9.0.1/ARMTools/bin/../lib/gcc/arm-atollic-eabi/6.3.1/../../../../arm-atollic-eabi/lib/armv6-m/libc_nano.a(lib_a-init.o)
__libc_init_array                                 /opt/Atollic_TrueSTUDIO_for_STM32_x86_64_9.0.1/ARMTools/bin/../lib/gcc/arm-atollic-eabi/6.3.1/../../../../arm-atollic-eabi/lib/armv6-m/libc_nano.a(lib_a-init.o)
                                                  src/startup_stm32l053xx.o
__preinit_array_end                               /opt/Atollic_TrueSTUDIO_for_STM32_x86_64_9.0.1/ARMTools/bin/../lib/gcc/arm-atollic-eabi/6.3.1/../../../../arm-atollic-eabi/lib/armv6-m/libc_nano.a(lib_a-init.o)
__preinit_array_start                             /opt/Atollic_TrueSTUDIO_for_STM32_x86_64_9.0.1/ARMTools/bin/../lib/gcc/arm-atollic-eabi/6.3.1/../../../../arm-atollic-eabi/lib/armv6-m/libc_nano.a(lib_a-init.o)
__register_frame_info                             /opt/Atollic_TrueSTUDIO_for_STM32_x86_64_9.0.1/ARMTools/bin/../lib/gcc/arm-atollic-eabi/6.3.1/armv6-m/crtbegin.o
__udivsi3                                         /opt/Atollic_TrueSTUDIO_for_STM32_x86_64_9.0.1/ARMTools/bin/../lib/gcc/arm-atollic-eabi/6.3.1/armv6-m/libgcc.a(_udivsi3.o)
_ebss                                             src/startup_stm32l053xx.o
_edata                                            src/startup_stm32l053xx.o
_estack                                           src/startup_stm32l053xx.o
_fini                                             /opt/Atollic_TrueSTUDIO_for_STM32_x86_64_9.0.1/ARMTools/bin/../lib/gcc/arm-atollic-eabi/6.3.1/armv6-m/crti.o
_init                                             /opt/Atollic_TrueSTUDIO_for_STM32_x86_64_9.0.1/ARMTools/bin/../lib/gcc/arm-atollic-eabi/6.3.1/armv6-m/crti.o
                                                  /opt/Atollic_TrueSTUDIO_for_STM32_x86_64_9.0.1/ARMTools/bin/../lib/gcc/arm-atollic-eabi/6.3.1/../../../../arm-atollic-eabi/lib/armv6-m/libc_nano.a(lib_a-init.o)
_sbss                                             src/startup_stm32l053xx.o
_sdata                                            src/startup_stm32l053xx.o
_sidata                                           src/startup_stm32l053xx.o
_write                                            /opt/Atollic_TrueSTUDIO_for_STM32_x86_64_9.0.1/ARMTools/bin/../lib/gcc/arm-atollic-eabi/6.3.1/../../../../arm-atollic-eabi/lib/armv6-m/libnosys.a(write.o)
                                                  src/tiny_printf.o
errno                                             /opt/Atollic_TrueSTUDIO_for_STM32_x86_64_9.0.1/ARMTools/bin/../lib/gcc/arm-atollic-eabi/6.3.1/../../../../arm-atollic-eabi/lib/armv6-m/libnosys.a(errno.o)
                                                  /opt/Atollic_TrueSTUDIO_for_STM32_x86_64_9.0.1/ARMTools/bin/../lib/gcc/arm-atollic-eabi/6.3.1/../../../../arm-atollic-eabi/lib/armv6-m/libnosys.a(write.o)
fiprintf                                          src/tiny_printf.o
fprintf                                           src/tiny_printf.o
fputs                                             src/tiny_printf.o
fwrite                                            src/tiny_printf.o
g_pfnVectors                                      src/startup_stm32l053xx.o
iprintf                                           src/tiny_printf.o
main                                              src/main.o
                                                  src/startup_stm32l053xx.o
memset                                            /opt/Atollic_TrueSTUDIO_for_STM32_x86_64_9.0.1/ARMTools/bin/../lib/gcc/arm-atollic-eabi/6.3.1/../../../../arm-atollic-eabi/lib/armv6-m/libc_nano.a(lib_a-memset.o)
                                                  src/main.o
printf                                            src/tiny_printf.o
puts                                              src/tiny_printf.o
send_uart                                         src/main.o
siprintf                                          src/tiny_printf.o
sprintf                                           src/tiny_printf.o
strcmp                                            /opt/Atollic_TrueSTUDIO_for_STM32_x86_64_9.0.1/ARMTools/bin/../lib/gcc/arm-atollic-eabi/6.3.1/../../../../arm-atollic-eabi/lib/armv6-m/libc_nano.a(lib_a-strcmp.o)
                                                  src/main.o
strlen                                            /opt/Atollic_TrueSTUDIO_for_STM32_x86_64_9.0.1/ARMTools/bin/../lib/gcc/arm-atollic-eabi/6.3.1/../../../../arm-atollic-eabi/lib/armv6-m/libc_nano.a(lib_a-strlen.o)
                                                  src/tiny_printf.o
ts_formatlength                                   src/tiny_printf.o
ts_formatstring                                   src/tiny_printf.o
ts_itoa                                           src/tiny_printf.o
uart_rx                                           src/main.o
uart_tx                                           src/main.o
